<html>
<body>
<pre>
<h1>礦ision Build Log</h1>
<h2>Tool Versions:</h2>
IDE-Version: μVision V5.23.0.0
Copyright (C) 2017 ARM Ltd and ARM Germany GmbH. All rights reserved.
License Information: 1 akatsuki, 1, LIC=ZB4FW-QUZA0-EVA1R-K3EBE-P61JY-MSQVQ
 
Tool Versions:
Toolchain:       MDK-ARM Plus  Version: 5.23
Toolchain Path:  E:\keil\ARM\ARMCC\Bin
C Compiler:      Armcc.exe V5.06 update 4 (build 422)
Assembler:       Armasm.exe V5.06 update 4 (build 422)
Linker/Locator:  ArmLink.exe V5.06 update 4 (build 422)
Library Manager: ArmAr.exe V5.06 update 4 (build 422)
Hex Converter:   FromElf.exe V5.06 update 4 (build 422)
CPU DLL:         SARMCM3.DLL V5.23
Dialog DLL:      DCM.DLL V1.15.0.0
Target DLL:      STLink\ST-LINKIII-KEIL_SWO.dll V2.0.18.0
Dialog DLL:      TCM.DLL V1.27.0.0
 
<h2>Project:</h2>
D:\实验室\垄间跑垄程序\USER\CAN.uvprojx
Project File Date:  07/26/2021

<h2>Output:</h2>
*** Using Compiler 'V5.06 update 4 (build 422)', folder: 'E:\keil\ARM\ARMCC\Bin'
Build target 'CAN'
compiling stm32f10x_it.c...
compiling system_stm32f10x.c...
compiling laser.c...
compiling gyro.c...
compiling main.c...
compiling can.c...
..\HARDWARE\CAN\can.c(380): warning:  #1-D: last line of file ends without a newline
  }
..\HARDWARE\CAN\can.c: 1 warning, 0 errors
compiling motor.c...
..\HARDWARE\MOTOR\motor.c(258): warning:  #177-D: variable "left"  was declared but never referenced
      float left,rigt;
..\HARDWARE\MOTOR\motor.c(334): warning:  #177-D: variable "angle_z"  was declared but never referenced
  	  float angle_z,distance;
..\HARDWARE\MOTOR\motor.c(334): warning:  #177-D: variable "distance"  was declared but never referenced
  	  float angle_z,distance;
..\HARDWARE\MOTOR\motor.c(518): warning:  #177-D: variable "angle_z"  was declared but never referenced
  	  float angle_z,distance;
..\HARDWARE\MOTOR\motor.c(518): warning:  #177-D: variable "distance"  was declared but never referenced
  	  float angle_z,distance;
..\HARDWARE\MOTOR\motor.c: 5 warnings, 0 errors
compiling io.c...
compiling timer.c...
compiling steer.c...
compiling delay.c...
compiling ultrasonic.c...
compiling sys.c...
assembling startup_stm32f10x_hd.s...
compiling usart.c...
compiling core_cm3.c...
compiling misc.c...
compiling stm32f10x_gpio.c...
compiling stm32f10x_fsmc.c...
compiling stm32f10x_exti.c...
compiling stm32f10x_rcc.c...
compiling stm32f10x_usart.c...
compiling stm32f10x_can.c...
compiling stm32f10x_tim.c...
linking...
Program Size: Code=28480 RO-data=784 RW-data=164 ZI-data=2980  
FromELF: creating hex file...
"..\OBJ\CAN.axf" - 0 Error(s), 6 Warning(s).

<h2>Collection of Component include folders:</h2>
  .\RTE\_CAN
  E:\keil\ARM\PACK\Keil\STM32F1xx_DFP\1.1.0\Device\Include

<h2>Collection of Component Files used:</h2>
Build Time Elapsed:  00:00:03
</pre>
</body>
</html>
