Component: ARM Compiler 5.06 update 4 (build 422) Tool: armlink [4d35d2]

==============================================================================

Section Cross References

    main.o(.text) refers to _printf_percent.o(.ARM.Collect$$_printf_percent$$00000000) for _printf_percent
    main.o(.text) refers to _printf_f.o(.ARM.Collect$$_printf_percent$$00000003) for _printf_f
    main.o(.text) refers to printf1.o(x$fpl$printf1) for _printf_fp_dec
    main.o(.text) refers to can.o(.text) for Can_Send_speed
    main.o(.text) refers to timer.o(.text) for SetpMotor_SetSpeed
    main.o(.text) refers to delay.o(.text) for delay_ms
    main.o(.text) refers to ultrasonic.o(.text) for Read_dist
    main.o(.text) refers to f2d.o(x$fpl$f2d) for __aeabi_f2d
    main.o(.text) refers to noretval__2printf.o(.text) for __2printf
    main.o(.text) refers to main.o(.data) for a
    system_stm32f10x.o(.text) refers to system_stm32f10x.o(.data) for SystemCoreClock
    can.o(.text) refers to stm32f10x_rcc.o(.text) for RCC_APB2PeriphClockCmd
    can.o(.text) refers to stm32f10x_gpio.o(.text) for GPIO_Init
    can.o(.text) refers to stm32f10x_can.o(.text) for CAN_Init
    motor.o(.text) refers to _printf_percent.o(.ARM.Collect$$_printf_percent$$00000000) for _printf_percent
    motor.o(.text) refers to _printf_f.o(.ARM.Collect$$_printf_percent$$00000003) for _printf_f
    motor.o(.text) refers to printf1.o(x$fpl$printf1) for _printf_fp_dec
    motor.o(.text) refers to _printf_d.o(.ARM.Collect$$_printf_percent$$00000009) for _printf_d
    motor.o(.text) refers to _printf_dec.o(.text) for _printf_int_dec
    motor.o(.text) refers to gyro.o(.text) for UART2_Put_Char
    motor.o(.text) refers to noretval__2printf.o(.text) for __2printf
    motor.o(.text) refers to delay.o(.text) for delay_ms
    motor.o(.text) refers to fflt_clz.o(x$fpl$fflt) for __aeabi_i2f
    motor.o(.text) refers to fdiv.o(x$fpl$fdiv) for __aeabi_fdiv
    motor.o(.text) refers to fmul.o(x$fpl$fmul) for __aeabi_fmul
    motor.o(.text) refers to f2d.o(x$fpl$f2d) for __aeabi_f2d
    motor.o(.text) refers to laser.o(.text) for Measure
    motor.o(.text) refers to ultrasonic.o(.text) for Read_dist
    motor.o(.text) refers to can.o(.text) for Can_Send_speed
    motor.o(.text) refers to dleqf.o(x$fpl$dleqf) for __aeabi_cdcmple
    motor.o(.text) refers to drleqf.o(x$fpl$drleqf) for __aeabi_cdrcmple
    motor.o(.text) refers to faddsub_clz.o(x$fpl$fsub) for __aeabi_fsub
    motor.o(.text) refers to faddsub_clz.o(x$fpl$fadd) for __aeabi_fadd
    motor.o(.text) refers to ffix.o(x$fpl$ffix) for __aeabi_f2iz
    motor.o(.text) refers to faddsub_clz.o(x$fpl$frsb) for __aeabi_frsub
    motor.o(.text) refers to motor.o(.data) for ACCCMD
    motor.o(.text) refers to motor.o(.bss) for ucRxBuffer
    motor.o(.text) refers to feqf.o(x$fpl$feqf) for __aeabi_cfcmpeq
    motor.o(.text) refers to frleqf.o(x$fpl$frleqf) for __aeabi_cfrcmple
    motor.o(.text) refers to dflt_clz.o(x$fpl$dflt) for __aeabi_i2d
    motor.o(.text) refers to fleqf.o(x$fpl$fleqf) for __aeabi_cfcmple
    motor.o(.text) refers to daddsub_clz.o(x$fpl$dadd) for __aeabi_dadd
    motor.o(.text) refers to daddsub_clz.o(x$fpl$dsub) for __aeabi_dsub
    laser.o(.text) refers to stm32f10x_usart.o(.text) for USART_GetITStatus
    laser.o(.text) refers to stm32f10x_rcc.o(.text) for RCC_APB2PeriphClockCmd
    laser.o(.text) refers to stm32f10x_gpio.o(.text) for GPIO_Init
    laser.o(.text) refers to misc.o(.text) for NVIC_Init
    laser.o(.text) refers to strtol.o(.text) for strtol
    laser.o(.text) refers to laser.o(.data) for USART3_RX_STA
    laser.o(.text) refers to laser.o(.bss) for USART3_RX_BUF
    gyro.o(.text) refers to stm32f10x_rcc.o(.text) for RCC_APB1PeriphClockCmd
    gyro.o(.text) refers to stm32f10x_gpio.o(.text) for GPIO_Init
    gyro.o(.text) refers to stm32f10x_usart.o(.text) for USART_Init
    gyro.o(.text) refers to misc.o(.text) for NVIC_Init
    gyro.o(.text) refers to motor.o(.text) for CopeSerial2Data
    gyro.o(.text) refers to gyro.o(.data) for USART2_RX_STA
    gyro.o(.text) refers to gyro.o(.bss) for TxBuffer
    io.o(.text) refers to stm32f10x_rcc.o(.text) for RCC_APB2PeriphClockCmd
    io.o(.text) refers to stm32f10x_gpio.o(.text) for GPIO_Init
    io.o(.text) refers to delay.o(.text) for delay_ms
    ultrasonic.o(.text) refers to stm32f10x_rcc.o(.text) for RCC_APB2PeriphClockCmd
    ultrasonic.o(.text) refers to stm32f10x_gpio.o(.text) for GPIO_Init
    ultrasonic.o(.text) refers to delay.o(.text) for delay_us
    ultrasonic.o(.text) refers to stm32f10x_exti.o(.text) for EXTI_Init
    ultrasonic.o(.text) refers to misc.o(.text) for NVIC_Init
    ultrasonic.o(.text) refers to f2d.o(x$fpl$f2d) for __aeabi_f2d
    ultrasonic.o(.text) refers to dflt_clz.o(x$fpl$dfltu) for __aeabi_ui2d
    ultrasonic.o(.text) refers to ddiv.o(x$fpl$ddiv) for __aeabi_ddiv
    ultrasonic.o(.text) refers to daddsub_clz.o(x$fpl$dadd) for __aeabi_dadd
[...]
    .ARM.Collect$$rtexit$$00000004           0x080001f0   Section        6  rtexit2.o(.ARM.Collect$$rtexit$$00000004)
    .text                                    0x080001f8   Section        0  main.o(.text)
    .text                                    0x080002dc   Section        0  stm32f10x_it.o(.text)
    .text                                    0x080002f8   Section        0  system_stm32f10x.o(.text)
    SetSysClockTo72                          0x080002f9   Thumb Code   214  system_stm32f10x.o(.text)
    SetSysClock                              0x080003cf   Thumb Code     8  system_stm32f10x.o(.text)
    .text                                    0x080004d8   Section        0  can.o(.text)
    .text                                    0x08000ae4   Section        0  motor.o(.text)
    .text                                    0x08001b9c   Section        0  laser.o(.text)
    .text                                    0x08001d28   Section        0  gyro.o(.text)
    .text                                    0x08001eb8   Section        0  ultrasonic.o(.text)
    .text                                    0x080025d4   Section        0  timer.o(.text)
    .text                                    0x08002704   Section        0  delay.o(.text)
    .text                                    0x080027d8   Section        0  usart.o(.text)
    .text                                    0x08002918   Section       64  startup_stm32f10x_hd.o(.text)
    .text                                    0x08002958   Section        0  misc.o(.text)
    .text                                    0x08002a34   Section        0  stm32f10x_gpio.o(.text)
    .text                                    0x08002d90   Section        0  stm32f10x_rcc.o(.text)
    .text                                    0x08003134   Section        0  stm32f10x_can.o(.text)
    CheckITStatus                            0x08003937   Thumb Code    18  stm32f10x_can.o(.text)
    .text                                    0x08003b24   Section        0  stm32f10x_usart.o(.text)
    .text                                    0x08003f2c   Section        0  stm32f10x_exti.o(.text)
    .text                                    0x08004048   Section        0  stm32f10x_tim.o(.text)
    TI4_Config                               0x080044ef   Thumb Code   130  stm32f10x_tim.o(.text)
    TI3_Config                               0x08004583   Thumb Code   122  stm32f10x_tim.o(.text)
    TI2_Config                               0x08004617   Thumb Code   130  stm32f10x_tim.o(.text)
    TI1_Config                               0x080046ab   Thumb Code   108  stm32f10x_tim.o(.text)
    .text                                    0x08004e62   Section        2  use_no_semi_2.o(.text)
    .text                                    0x08004e64   Section        0  noretval__2printf.o(.text)
    .text                                    0x08004e7c   Section        0  _printf_dec.o(.text)
    .text                                    0x08004ef4   Section        0  __printf_wp.o(.text)
    .text                                    0x08005002   Section        0  strtol.o(.text)
    .text                                    0x08005072   Section        0  heapauxi.o(.text)
    .text                                    0x08005078   Section        2  use_no_semi.o(.text)
    .text                                    0x0800507c   Section       16  rt_ctype_table.o(.text)
    .text                                    0x0800508c   Section        8  rt_errno_addr_intlibspace.o(.text)
    .text                                    0x08005094   Section        0  _printf_intcommon.o(.text)
    .text                                    0x08005146   Section        0  _printf_fp_dec.o(.text)
    _fp_digits                               0x08005149   Thumb Code   428  _printf_fp_dec.o(.text)
    .text                                    0x08005560   Section        0  _printf_char_file.o(.text)
    .text                                    0x08005584   Section        0  _strtoul.o(.text)
    .text                                    0x08005624   Section        8  libspace.o(.text)
    .text                                    0x0800562c   Section        8  rt_locale_intlibspace.o(.text)
    .text                                    0x08005634   Section      138  lludiv10.o(.text)
    .text                                    0x080056c0   Section        0  _printf_char_common.o(.text)
    _printf_input_char                       0x080056c1   Thumb Code    10  _printf_char_common.o(.text)
    .text                                    0x080056f0   Section        0  _printf_fp_infnan.o(.text)
    .text                                    0x08005770   Section        0  _chval.o(.text)
    .text                                    0x0800578c   Section        0  bigflt0.o(.text)
    .text                                    0x08005868   Section        0  ferror.o(.text)
    .text                                    0x08005870   Section       74  sys_stackheap_outer.o(.text)
    .text                                    0x080058ba   Section        0  exit.o(.text)
    .text                                    0x080058cc   Section      128  strcmpv7m.o(.text)
    CL$$btod_d2e                             0x0800594c   Section       62  btod.o(CL$$btod_d2e)
    CL$$btod_d2e_denorm_low                  0x0800598a   Section       70  btod.o(CL$$btod_d2e_denorm_low)
    CL$$btod_d2e_norm_op1                    0x080059d0   Section       96  btod.o(CL$$btod_d2e_norm_op1)
    CL$$btod_div_common                      0x08005a30   Section      824  btod.o(CL$$btod_div_common)
    CL$$btod_e2e                             0x08005d68   Section      198  btod.o(CL$$btod_e2e)
    CL$$btod_ediv                            0x08005e2e   Section       40  btod.o(CL$$btod_ediv)
    CL$$btod_emul                            0x08005e56   Section       40  btod.o(CL$$btod_emul)
    CL$$btod_mult_common                     0x08005e7e   Section      580  btod.o(CL$$btod_mult_common)
    i.__ARM_fpclassify                       0x080060c2   Section        0  fpclassify.o(i.__ARM_fpclassify)
    i._is_digit                              0x080060ea   Section        0  __printf_wp.o(i._is_digit)
    locale$$code                             0x080060f8   Section       44  lc_ctype_c.o(locale$$code)
    locale$$code                             0x08006124   Section       44  lc_numeric_c.o(locale$$code)
    x$fpl$d2f                                0x08006150   Section       98  d2f.o(x$fpl$d2f)
    x$fpl$dadd                               0x080061b4   Section      336  daddsub_clz.o(x$fpl$dadd)
    _dadd1                                   0x080061c5   Thumb Code     0  daddsub_clz.o(x$fpl$dadd)
    x$fpl$dcmpinf                            0x08006304   Section       24  dcmpi.o(x$fpl$dcmpinf)
    x$fpl$ddiv                               0x0800631c   Section      688  ddiv.o(x$fpl$ddiv)
    ddiv_entry                               0x08006323   Thumb Code     0  ddiv.o(x$fpl$ddiv)
    x$fpl$dflt                               0x080065cc   Section       46  dflt_clz.o(x$fpl$dflt)
    x$fpl$dfltu                              0x080065fa   Section       38  dflt_clz.o(x$fpl$dfltu)
    x$fpl$dleqf                              0x08006620   Section      120  dleqf.o(x$fpl$dleqf)
    x$fpl$dnaninf                            0x08006698   Section      156  dnaninf.o(x$fpl$dnaninf)
    x$fpl$dretinf                            0x08006734   Section       12  dretinf.o(x$fpl$dretinf)
    x$fpl$drleqf                             0x08006740   Section      108  drleqf.o(x$fpl$drleqf)
    x$fpl$dsub                               0x080067ac   Section      468  daddsub_clz.o(x$fpl$dsub)
    _dsub1                                   0x080067bd   Thumb Code     0  daddsub_clz.o(x$fpl$dsub)
    x$fpl$f2d                                0x08006980   Section       86  f2d.o(x$fpl$f2d)
    x$fpl$fadd                               0x080069d8   Section      196  faddsub_clz.o(x$fpl$fadd)
    _fadd1                                   0x080069e7   Thumb Code     0  faddsub_clz.o(x$fpl$fadd)
    x$fpl$fcmpinf                            0x08006a9c   Section       24  fcmpi.o(x$fpl$fcmpinf)
    x$fpl$fdiv                               0x08006ab4   Section      388  fdiv.o(x$fpl$fdiv)
    _fdiv1                                   0x08006ab5   Thumb Code     0  fdiv.o(x$fpl$fdiv)
    x$fpl$feqf                               0x08006c38   Section      104  feqf.o(x$fpl$feqf)
    x$fpl$ffix                               0x08006ca0   Section       54  ffix.o(x$fpl$ffix)
    x$fpl$fflt                               0x08006cd8   Section       48  fflt_clz.o(x$fpl$fflt)
    x$fpl$fleqf                              0x08006d08   Section      104  fleqf.o(x$fpl$fleqf)
    x$fpl$fmul                               0x08006d70   Section      258  fmul.o(x$fpl$fmul)
    x$fpl$fnaninf                            0x08006e72   Section      140  fnaninf.o(x$fpl$fnaninf)
    x$fpl$fretinf                            0x08006efe   Section       10  fretinf.o(x$fpl$fretinf)
    x$fpl$frleqf                             0x08006f08   Section       98  frleqf.o(x$fpl$frleqf)
    x$fpl$frsb                               0x08006f6a   Section       20  faddsub_clz.o(x$fpl$frsb)
    x$fpl$fsub                               0x08006f80   Section      234  faddsub_clz.o(x$fpl$fsub)
    _fsub1                                   0x08006f8f   Thumb Code     0  faddsub_clz.o(x$fpl$fsub)
    x$fpl$printf1                            0x0800706a   Section        4  printf1.o(x$fpl$printf1)
    x$fpl$usenofp                            0x0800706e   Section        0  usenofp.o(x$fpl$usenofp)
    .constdata                               0x08007070   Section      148  bigflt0.o(.constdata)
    tenpwrs_x                                0x08007070   Data          60  bigflt0.o(.constdata)
    tenpwrs_i                                0x080070ac   Data          64  bigflt0.o(.constdata)
    locale$$data                             0x08007124   Section      272  lc_ctype_c.o(locale$$data)
    __lcctype_c_name                         0x08007128   Data           2  lc_ctype_c.o(locale$$data)
    __lcctype_c_start                        0x08007130   Data           0  lc_ctype_c.o(locale$$data)
    locale$$data                             0x08007234   Section       28  lc_numeric_c.o(locale$$data)
    __lcctype_c_end                          0x08007234   Data           0  lc_ctype_c.o(locale$$data)
    __lcnum_c_name                           0x08007238   Data           2  lc_numeric_c.o(locale$$data)
    __lcnum_c_start                          0x08007240   Data           0  lc_numeric_c.o(locale$$data)
    __lcnum_c_point                          0x0800724c   Data           0  lc_numeric_c.o(locale$$data)
    __lcnum_c_thousands                      0x0800724e   Data           0  lc_numeric_c.o(locale$$data)
    __lcnum_c_grouping                       0x0800724f   Data           0  lc_numeric_c.o(locale$$data)
    __lcnum_c_end                            0x08007250   Data           0  lc_numeric_c.o(locale$$data)
    .data                                    0x20000000   Section       16  main.o(.data)
    .data                                    0x20000010   Section       20  system_stm32f10x.o(.data)
    .data                                    0x20000024   Section       49  motor.o(.data)
    ucRxCnt                                  0x20000054   Data           1  motor.o(.data)
    .data                                    0x20000056   Section        2  laser.o(.data)
    .data                                    0x20000058   Section        4  gyro.o(.data)
    TxCounter                                0x2000005a   Data           1  gyro.o(.data)
    count                                    0x2000005b   Data           1  gyro.o(.data)
    .data                                    0x2000005c   Section       36  ultrasonic.o(.data)
    .data                                    0x20000080   Section        4  timer.o(.data)
    timer                                    0x20000080   Data           4  timer.o(.data)
    .data                                    0x20000084   Section        4  delay.o(.data)
    fac_us                                   0x20000084   Data           1  delay.o(.data)
    fac_ms                                   0x20000086   Data           2  delay.o(.data)
    .data                                    0x20000088   Section        6  usart.o(.data)
    .data                                    0x2000008e   Section       20  stm32f10x_rcc.o(.data)
    APBAHBPrescTable                         0x2000008e   Data          16  stm32f10x_rcc.o(.data)
    ADCPrescTable                            0x2000009e   Data           4  stm32f10x_rcc.o(.data)
    .bss                                     0x200000a4   Section      250  motor.o(.bss)
    ucRxBuffer                               0x200000a4   Data         250  motor.o(.bss)
    .bss                                     0x2000019e   Section      617  laser.o(.bss)
    .bss                                     0x20000407   Section      256  gyro.o(.bss)
    TxBuffer                                 0x20000407   Data         256  gyro.o(.bss)
    .bss                                     0x20000508   Section       24  timer.o(.bss)
    .bss                                     0x20000520   Section      200  usart.o(.bss)
    .bss                                     0x200005e8   Section       96  libspace.o(.bss)
    HEAP                                     0x20000648   Section      512  startup_stm32f10x_hd.o(HEAP)
    Heap_Mem                                 0x20000648   Data         512  startup_stm32f10x_hd.o(HEAP)
    STACK                                    0x20000848   Section     1024  startup_stm32f10x_hd.o(STACK)
    Stack_Mem                                0x20000848   Data        1024  startup_stm32f10x_hd.o(STACK)
    __initial_sp                             0x20000c48   Data           0  startup_stm32f10x_hd.o(STACK)

    Global Symbols

    Symbol Name                              Value     Ov Type        Size  Object(Section)

    BuildAttributes$$THM_ISAv4$P$D$K$B$S$PE$A:L22UL41UL21$X:L11$S22US41US21$IEEE1$IW$USESV6$~STKCKD$USESV7$~SHL$OTIME$ROPI$IEEEJ$EBA8$UX$STANDARDLIB$REQ8$PRES8$EABIv2 0x00000000   Number         0  anon$$obj.o ABSOLUTE
    __ARM_use_no_argv                        0x00000000   Number         0  main.o ABSOLUTE
    _printf_flags                            0x00000000   Number         0  printf_stubs.o ABSOLUTE
    _printf_return_value                     0x00000000   Number         0  printf_stubs.o ABSOLUTE
    _printf_sizespec                         0x00000000   Number         0  printf_stubs.o ABSOLUTE
    _printf_widthprec                        0x00000000   Number         0  printf_stubs.o ABSOLUTE
    __ARM_exceptions_init                     - Undefined Weak Reference
    __alloca_initialize                       - Undefined Weak Reference
    __arm_preinit_                            - Undefined Weak Reference
    __cpp_initialize__aeabi_                  - Undefined Weak Reference
    __cxa_finalize                            - Undefined Weak Reference
    __sigvec_lookup                           - Undefined Weak Reference
    _atexit_init                              - Undefined Weak Reference
    _call_atexit_fns                          - Undefined Weak Reference
    _clock_init                               - Undefined Weak Reference
    _fp_trap_init                             - Undefined Weak Reference
    _fp_trap_shutdown                         - Undefined Weak Reference
    _get_lc_collate                           - Undefined Weak Reference
    _get_lc_monetary                          - Undefined Weak Reference
    _get_lc_time                              - Undefined Weak Reference
    _getenv_init                              - Undefined Weak Reference
    _handle_redirection                       - Undefined Weak Reference
    _init_alloc                               - Undefined Weak Reference
    _init_user_alloc                          - Undefined Weak Reference
    _initio                                   - Undefined Weak Reference
    _mutex_acquire                            - Undefined Weak Reference
    _mutex_release                            - Undefined Weak Reference
    _printf_post_padding                      - Undefined Weak Reference
    _printf_pre_padding                       - Undefined Weak Reference
    _printf_truncate_signed                   - Undefined Weak Reference
    _printf_truncate_unsigned                 - Undefined Weak Reference
    _rand_init                                - Undefined Weak Reference
    _signal_finish                            - Undefined Weak Reference
    _signal_init                              - Undefined Weak Reference
    _terminate_alloc                          - Undefined Weak Reference
    _terminate_user_alloc                     - Undefined Weak Reference
    _terminateio                              - Undefined Weak Reference
    __Vectors_Size                           0x00000130   Number         0  startup_stm32f10x_hd.o ABSOLUTE
    __Vectors                                0x08000000   Data           4  startup_stm32f10x_hd.o(RESET)
    __Vectors_End                            0x08000130   Data           0  startup_stm32f10x_hd.o(RESET)
    __main                                   0x08000131   Thumb Code     8  __main.o(!!!main)
    __scatterload                            0x08000139   Thumb Code     0  __scatter.o(!!!scatter)
    __scatterload_rt2                        0x08000139   Thumb Code    44  __scatter.o(!!!scatter)
    __scatterload_rt2_thumb_only             0x08000139   Thumb Code     0  __scatter.o(!!!scatter)
    __scatterload_null                       0x08000147   Thumb Code     0  __scatter.o(!!!scatter)
    __scatterload_copy                       0x0800016d   Thumb Code    26  __scatter_copy.o(!!handler_copy)
    __scatterload_zeroinit                   0x08000189   Thumb Code    28  __scatter_zi.o(!!handler_zi)
    _printf_f                                0x080001a5   Thumb Code     0  _printf_f.o(.ARM.Collect$$_printf_percent$$00000003)
    _printf_percent                          0x080001a5   Thumb Code     0  _printf_percent.o(.ARM.Collect$$_printf_percent$$00000000)
    _printf_d                                0x080001ab   Thumb Code     0  _printf_d.o(.ARM.Collect$$_printf_percent$$00000009)
    _printf_percent_end                      0x080001b1   Thumb Code     0  _printf_percent_end.o(.ARM.Collect$$_printf_percent$$00000017)
    __rt_lib_init                            0x080001b5   Thumb Code     0  libinit.o(.ARM.Collect$$libinit$$00000000)
    __rt_lib_init_fp_1                       0x080001b7   Thumb Code     0  libinit2.o(.ARM.Collect$$libinit$$00000002)
    __rt_lib_init_heap_1                     0x080001b7   Thumb Code     0  libinit2.o(.ARM.Collect$$libinit$$0000000A)
    __rt_lib_init_lc_common                  0x080001b7   Thumb Code     0  libinit2.o(.ARM.Collect$$libinit$$0000000F)
    __rt_lib_init_preinit_1                  0x080001b7   Thumb Code     0  libinit2.o(.ARM.Collect$$libinit$$00000004)
    __rt_lib_init_rand_1                     0x080001b7   Thumb Code     0  libinit2.o(.ARM.Collect$$libinit$$0000000E)
    __rt_lib_init_user_alloc_1               0x080001b7   Thumb Code     0  libinit2.o(.ARM.Collect$$libinit$$0000000C)
    __rt_lib_init_lc_collate_1               0x080001bd   Thumb Code     0  libinit2.o(.ARM.Collect$$libinit$$00000011)
    __rt_lib_init_lc_ctype_2                 0x080001bd   Thumb Code     0  libinit2.o(.ARM.Collect$$libinit$$00000012)
    __rt_lib_init_lc_ctype_1                 0x080001c9   Thumb Code     0  libinit2.o(.ARM.Collect$$libinit$$00000013)
    __rt_lib_init_lc_monetary_1              0x080001c9   Thumb Code     0  libinit2.o(.ARM.Collect$$libinit$$00000015)
    __rt_lib_init_lc_numeric_2               0x080001c9   Thumb Code     0  libinit2.o(.ARM.Collect$$libinit$$00000016)
    __rt_lib_init_alloca_1                   0x080001d3   Thumb Code     0  libinit2.o(.ARM.Collect$$libinit$$0000002E)
    __rt_lib_init_argv_1                     0x080001d3   Thumb Code     0  libinit2.o(.ARM.Collect$$libinit$$0000002C)
    __rt_lib_init_atexit_1                   0x080001d3   Thumb Code     0  libinit2.o(.ARM.Collect$$libinit$$0000001B)
    __rt_lib_init_clock_1                    0x080001d3   Thumb Code     0  libinit2.o(.ARM.Collect$$libinit$$00000021)
    __rt_lib_init_cpp_1                      0x080001d3   Thumb Code     0  libinit2.o(.ARM.Collect$$libinit$$00000032)
    __rt_lib_init_exceptions_1               0x080001d3   Thumb Code     0  libinit2.o(.ARM.Collect$$libinit$$00000030)
    __rt_lib_init_fp_trap_1                  0x080001d3   Thumb Code     0  libinit2.o(.ARM.Collect$$libinit$$0000001F)
    __rt_lib_init_getenv_1                   0x080001d3   Thumb Code     0  libinit2.o(.ARM.Collect$$libinit$$00000023)
    __rt_lib_init_lc_numeric_1               0x080001d3   Thumb Code     0  libinit2.o(.ARM.Collect$$libinit$$00000017)
    __rt_lib_init_lc_time_1                  0x080001d3   Thumb Code     0  libinit2.o(.ARM.Collect$$libinit$$00000019)
    __rt_lib_init_return                     0x080001d3   Thumb Code     0  libinit2.o(.ARM.Collect$$libinit$$00000033)
    __rt_lib_init_signal_1                   0x080001d3   Thumb Code     0  libinit2.o(.ARM.Collect$$libinit$$0000001D)
    __rt_lib_init_stdio_1                    0x080001d3   Thumb Code     0  libinit2.o(.ARM.Collect$$libinit$$00000025)
    __rt_lib_shutdown                        0x080001d5   Thumb Code     0  libshutdown.o(.ARM.Collect$$libshutdown$$00000000)
    __rt_lib_shutdown_cpp_1                  0x080001d7   Thumb Code     0  libshutdown2.o(.ARM.Collect$$libshutdown$$00000002)
    __rt_lib_shutdown_fp_trap_1              0x080001d7   Thumb Code     0  libshutdown2.o(.ARM.Collect$$libshutdown$$00000007)
    __rt_lib_shutdown_heap_1                 0x080001d7   Thumb Code     0  libshutdown2.o(.ARM.Collect$$libshutdown$$0000000F)
    __rt_lib_shutdown_return                 0x080001d7   Thumb Code     0  libshutdown2.o(.ARM.Collect$$libshutdown$$00000010)
    __rt_lib_shutdown_signal_1               0x080001d7   Thumb Code     0  libshutdown2.o(.ARM.Collect$$libshutdown$$0000000A)
    __rt_lib_shutdown_stdio_1                0x080001d7   Thumb Code     0  libshutdown2.o(.ARM.Collect$$libshutdown$$00000004)
    __rt_lib_shutdown_user_alloc_1           0x080001d7   Thumb Code     0  libshutdown2.o(.ARM.Collect$$libshutdown$$0000000C)
    __rt_entry                               0x080001d9   Thumb Code     0  __rtentry.o(.ARM.Collect$$rtentry$$00000000)
    __rt_entry_presh_1                       0x080001d9   Thumb Code     0  __rtentry2.o(.ARM.Collect$$rtentry$$00000002)
    __rt_entry_sh                            0x080001d9   Thumb Code     0  __rtentry4.o(.ARM.Collect$$rtentry$$00000004)
    __rt_entry_li                            0x080001df   Thumb Code     0  __rtentry2.o(.ARM.Collect$$rtentry$$0000000A)
    __rt_entry_postsh_1                      0x080001df   Thumb Code     0  __rtentry2.o(.ARM.Collect$$rtentry$$00000009)
    __rt_entry_main                          0x080001e3   Thumb Code     0  __rtentry2.o(.ARM.Collect$$rtentry$$0000000D)
    __rt_entry_postli_1                      0x080001e3   Thumb Code     0  __rtentry2.o(.ARM.Collect$$rtentry$$0000000C)
    __rt_exit                                0x080001eb   Thumb Code     0  rtexit.o(.ARM.Collect$$rtexit$$00000000)
    __rt_exit_ls                             0x080001ed   Thumb Code     0  rtexit2.o(.ARM.Collect$$rtexit$$00000003)
    __rt_exit_prels_1                        0x080001ed   Thumb Code     0  rtexit2.o(.ARM.Collect$$rtexit$$00000002)
    __rt_exit_exit                           0x080001f1   Thumb Code     0  rtexit2.o(.ARM.Collect$$rtexit$$00000004)
    bumiao                                   0x080001f9   Thumb Code   160  main.o(.text)
    main                                     0x08000299   Thumb Code    40  main.o(.text)
    NMI_Handler                              0x080002dd   Thumb Code     2  stm32f10x_it.o(.text)
    HardFault_Handler                        0x080002df   Thumb Code     4  stm32f10x_it.o(.text)
    MemManage_Handler                        0x080002e3   Thumb Code     4  stm32f10x_it.o(.text)
    BusFault_Handler                         0x080002e7   Thumb Code     4  stm32f10x_it.o(.text)
    UsageFault_Handler                       0x080002eb   Thumb Code     4  stm32f10x_it.o(.text)
    SVC_Handler                              0x080002ef   Thumb Code     2  stm32f10x_it.o(.text)
    DebugMon_Handler                         0x080002f1   Thumb Code     2  stm32f10x_it.o(.text)
    PendSV_Handler                           0x080002f3   Thumb Code     2  stm32f10x_it.o(.text)
    SysTick_Handler                          0x080002f5   Thumb Code     2  stm32f10x_it.o(.text)
    SystemInit                               0x080003d7   Thumb Code    78  system_stm32f10x.o(.text)
    SystemCoreClockUpdate                    0x08000425   Thumb Code   142  system_stm32f10x.o(.text)
    CAN_Mode_Init                            0x080004d9   Thumb Code   200  can.o(.text)
    Can_Send1_Msg                            0x080005a1   Thumb Code   108  can.o(.text)
    Can_Send2_Msg                            0x0800060d   Thumb Code   108  can.o(.text)
    Can_Receive_Msg                          0x08000679   Thumb Code    56  can.o(.text)
    Can_Send_angle                           0x080006b1   Thumb Code   140  can.o(.text)
    Can_Send_torque                          0x0800073d   Thumb Code   130  can.o(.text)
    Can_Send_speed                           0x080007bf   Thumb Code   132  can.o(.text)
    Can_Send_angles                          0x08000843   Thumb Code   138  can.o(.text)
    Can_Stop                                 0x080008cd   Thumb Code   134  can.o(.text)
    Can_Run                                  0x08000953   Thumb Code   122  can.o(.text)
    Can_Shutdown                             0x080009cd   Thumb Code   122  can.o(.text)
    Can_Read_Angles                          0x08000a47   Thumb Code   122  can.o(.text)
    get_angle                                0x08000ac1   Thumb Code    32  can.o(.text)
    sendcmd                                  0x08000ae5   Thumb Code    24  motor.o(.text)
    gyro_init                                0x08000afd   Thumb Code    52  motor.o(.text)
    CopeSerial2Data                          0x08000b31   Thumb Code   118  motor.o(.text)
    test                                     0x08000ba7   Thumb Code   248  motor.o(.text)
    go_start                                 0x08000c9f   Thumb Code   226  motor.o(.text)
    go_straight                              0x08000d81   Thumb Code   806  motor.o(.text)
    go_straight_long                         0x080010a7   Thumb Code  1328  motor.o(.text)
    go_after_turn                            0x080015d7   Thumb Code   964  motor.o(.text)
    turn_left                                0x0800199b   Thumb Code   138  motor.o(.text)
    turn_left_last                           0x08001a25   Thumb Code   130  motor.o(.text)
    turn_right                               0x08001aa7   Thumb Code   138  motor.o(.text)
    stop                                     0x08001b31   Thumb Code    16  motor.o(.text)
    run                                      0x08001b41   Thumb Code    16  motor.o(.text)
    shutdown                                 0x08001b51   Thumb Code    16  motor.o(.text)
    USART3_IRQHandler                        0x08001b9d   Thumb Code    94  laser.o(.text)
    usart3_init                              0x08001bfb   Thumb Code   136  laser.o(.text)
    Laser_init                               0x08001c83   Thumb Code    38  laser.o(.text)
    Laser_on                                 0x08001ca9   Thumb Code    16  laser.o(.text)
    Laser_off                                0x08001cb9   Thumb Code    16  laser.o(.text)
    Measure                                  0x08001cc9   Thumb Code    78  laser.o(.text)
    Initial_UART2                            0x08001d29   Thumb Code   174  gyro.o(.text)
    USART2_IRQHandler                        0x08001dd7   Thumb Code   118  gyro.o(.text)
    UART2_Put_Char                           0x08001e4d   Thumb Code    34  gyro.o(.text)
    UART2_Put_String                         0x08001e6f   Thumb Code    46  gyro.o(.text)
    Ultrasonic_IO_Init                       0x08001eb9   Thumb Code   112  ultrasonic.o(.text)
    Ultrasonic_Send                          0x08001f29   Thumb Code    52  ultrasonic.o(.text)
    EXTIX_Init                               0x08001f5d   Thumb Code   306  ultrasonic.o(.text)
    EXTI0_IRQHandler                         0x0800208f   Thumb Code   176  ultrasonic.o(.text)
    EXTI1_IRQHandler                         0x0800213f   Thumb Code   180  ultrasonic.o(.text)
    EXTI3_IRQHandler                         0x080021f3   Thumb Code   180  ultrasonic.o(.text)
    EXTI2_IRQHandler                         0x080022a7   Thumb Code   250  ultrasonic.o(.text)
    TIM2_Int_Init                            0x080023a1   Thumb Code   100  ultrasonic.o(.text)
    TIM2_IRQHandler                          0x08002405   Thumb Code    32  ultrasonic.o(.text)
    Read_dist                                0x08002425   Thumb Code   214  ultrasonic.o(.text)
    Ultrasonic_mid                           0x080024fb   Thumb Code   182  ultrasonic.o(.text)
    TIM3_Int_Init                            0x080025d5   Thumb Code    90  timer.o(.text)
    SetpMotor_SetStep                        0x0800262f   Thumb Code    24  timer.o(.text)
    SetpMotor_SetSpeed                       0x08002647   Thumb Code    14  timer.o(.text)
    TIM3_IRQHandler                          0x08002655   Thumb Code   154  timer.o(.text)
    delay_init                               0x08002705   Thumb Code    50  delay.o(.text)
    delay_us                                 0x08002737   Thumb Code    72  delay.o(.text)
    delay_ms                                 0x0800277f   Thumb Code    72  delay.o(.text)
    _sys_exit                                0x080027d9   Thumb Code     6  usart.o(.text)
    fputc                                    0x080027df   Thumb Code    24  usart.o(.text)
    uart_init                                0x080027f7   Thumb Code   152  usart.o(.text)
    USART1_IRQHandler                        0x0800288f   Thumb Code   122  usart.o(.text)
    Reset_Handler                            0x08002919   Thumb Code     8  startup_stm32f10x_hd.o(.text)
    ADC1_2_IRQHandler                        0x08002933   Thumb Code     0  startup_stm32f10x_hd.o(.text)
    ADC3_IRQHandler                          0x08002933   Thumb Code     0  startup_stm32f10x_hd.o(.text)
    CAN1_RX1_IRQHandler                      0x08002933   Thumb Code     0  startup_stm32f10x_hd.o(.text)
    CAN1_SCE_IRQHandler                      0x08002933   Thumb Code     0  startup_stm32f10x_hd.o(.text)
    DMA1_Channel1_IRQHandler                 0x08002933   Thumb Code     0  startup_stm32f10x_hd.o(.text)
    DMA1_Channel2_IRQHandler                 0x08002933   Thumb Code     0  startup_stm32f10x_hd.o(.text)
    DMA1_Channel3_IRQHandler                 0x08002933   Thumb Code     0  startup_stm32f10x_hd.o(.text)
    DMA1_Channel4_IRQHandler                 0x08002933   Thumb Code     0  startup_stm32f10x_hd.o(.text)
    DMA1_Channel5_IRQHandler                 0x08002933   Thumb Code     0  startup_stm32f10x_hd.o(.text)
    DMA1_Channel6_IRQHandler                 0x08002933   Thumb Code     0  startup_stm32f10x_hd.o(.text)
    DMA1_Channel7_IRQHandler                 0x08002933   Thumb Code     0  startup_stm32f10x_hd.o(.text)
    DMA2_Channel1_IRQHandler                 0x08002933   Thumb Code     0  startup_stm32f10x_hd.o(.text)
    DMA2_Channel2_IRQHandler                 0x08002933   Thumb Code     0  startup_stm32f10x_hd.o(.text)
    DMA2_Channel3_IRQHandler                 0x08002933   Thumb Code     0  startup_stm32f10x_hd.o(.text)
    DMA2_Channel4_5_IRQHandler               0x08002933   Thumb Code     0  startup_stm32f10x_hd.o(.text)
    EXTI15_10_IRQHandler                     0x08002933   Thumb Code     0  startup_stm32f10x_hd.o(.text)
    EXTI4_IRQHandler                         0x08002933   Thumb Code     0  startup_stm32f10x_hd.o(.text)
    EXTI9_5_IRQHandler                       0x08002933   Thumb Code     0  startup_stm32f10x_hd.o(.text)
    FLASH_IRQHandler                         0x08002933   Thumb Code     0  startup_stm32f10x_hd.o(.text)
    FSMC_IRQHandler                          0x08002933   Thumb Code     0  startup_stm32f10x_hd.o(.text)
    I2C1_ER_IRQHandler                       0x08002933   Thumb Code     0  startup_stm32f10x_hd.o(.text)
    I2C1_EV_IRQHandler                       0x08002933   Thumb Code     0  startup_stm32f10x_hd.o(.text)
    I2C2_ER_IRQHandler                       0x08002933   Thumb Code     0  startup_stm32f10x_hd.o(.text)
    I2C2_EV_IRQHandler                       0x08002933   Thumb Code     0  startup_stm32f10x_hd.o(.text)
    PVD_IRQHandler                           0x08002933   Thumb Code     0  startup_stm32f10x_hd.o(.text)
    RCC_IRQHandler                           0x08002933   Thumb Code     0  startup_stm32f10x_hd.o(.text)
    RTCAlarm_IRQHandler                      0x08002933   Thumb Code     0  startup_stm32f10x_hd.o(.text)
    RTC_IRQHandler                           0x08002933   Thumb Code     0  startup_stm32f10x_hd.o(.text)
    SDIO_IRQHandler                          0x08002933   Thumb Code     0  startup_stm32f10x_hd.o(.text)
    SPI1_IRQHandler                          0x08002933   Thumb Code     0  startup_stm32f10x_hd.o(.text)
    SPI2_IRQHandler                          0x08002933   Thumb Code     0  startup_stm32f10x_hd.o(.text)
    SPI3_IRQHandler                          0x08002933   Thumb Code     0  startup_stm32f10x_hd.o(.text)
    TAMPER_IRQHandler                        0x08002933   Thumb Code     0  startup_stm32f10x_hd.o(.text)
    TIM1_BRK_IRQHandler                      0x08002933   Thumb Code     0  startup_stm32f10x_hd.o(.text)
    TIM1_CC_IRQHandler                       0x08002933   Thumb Code     0  startup_stm32f10x_hd.o(.text)
    TIM1_TRG_COM_IRQHandler                  0x08002933   Thumb Code     0  startup_stm32f10x_hd.o(.text)
    TIM1_UP_IRQHandler                       0x08002933   Thumb Code     0  startup_stm32f10x_hd.o(.text)
    TIM4_IRQHandler                          0x08002933   Thumb Code     0  startup_stm32f10x_hd.o(.text)
    TIM5_IRQHandler                          0x08002933   Thumb Code     0  startup_stm32f10x_hd.o(.text)
    TIM6_IRQHandler                          0x08002933   Thumb Code     0  startup_stm32f10x_hd.o(.text)
    TIM7_IRQHandler                          0x08002933   Thumb Code     0  startup_stm32f10x_hd.o(.text)
    TIM8_BRK_IRQHandler                      0x08002933   Thumb Code     0  startup_stm32f10x_hd.o(.text)
    TIM8_CC_IRQHandler                       0x08002933   Thumb Code     0  startup_stm32f10x_hd.o(.text)
    TIM8_TRG_COM_IRQHandler                  0x08002933   Thumb Code     0  startup_stm32f10x_hd.o(.text)
    TIM8_UP_IRQHandler                       0x08002933   Thumb Code     0  startup_stm32f10x_hd.o(.text)
    UART4_IRQHandler                         0x08002933   Thumb Code     0  startup_stm32f10x_hd.o(.text)
    UART5_IRQHandler                         0x08002933   Thumb Code     0  startup_stm32f10x_hd.o(.text)
    USBWakeUp_IRQHandler                     0x08002933   Thumb Code     0  startup_stm32f10x_hd.o(.text)
    USB_HP_CAN1_TX_IRQHandler                0x08002933   Thumb Code     0  startup_stm32f10x_hd.o(.text)
    USB_LP_CAN1_RX0_IRQHandler               0x08002933   Thumb Code     0  startup_stm32f10x_hd.o(.text)
    WWDG_IRQHandler                          0x08002933   Thumb Code     0  startup_stm32f10x_hd.o(.text)
    __user_initial_stackheap                 0x08002935   Thumb Code     0  startup_stm32f10x_hd.o(.text)
    NVIC_PriorityGroupConfig                 0x08002959   Thumb Code    10  misc.o(.text)
    NVIC_Init                                0x08002963   Thumb Code   100  misc.o(.text)
    NVIC_SetVectorTable                      0x080029c7   Thumb Code    14  misc.o(.text)
    NVIC_SystemLPConfig                      0x080029d5   Thumb Code    34  misc.o(.text)
    SysTick_CLKSourceConfig                  0x080029f7   Thumb Code    40  misc.o(.text)
    GPIO_DeInit                              0x08002a35   Thumb Code   172  stm32f10x_gpio.o(.text)
    GPIO_AFIODeInit                          0x08002ae1   Thumb Code    20  stm32f10x_gpio.o(.text)
    GPIO_Init                                0x08002af5   Thumb Code   278  stm32f10x_gpio.o(.text)
    GPIO_StructInit                          0x08002c0b   Thumb Code    16  stm32f10x_gpio.o(.text)
    GPIO_ReadInputDataBit                    0x08002c1b   Thumb Code    18  stm32f10x_gpio.o(.text)
    GPIO_ReadInputData                       0x08002c2d   Thumb Code     8  stm32f10x_gpio.o(.text)
    GPIO_ReadOutputDataBit                   0x08002c35   Thumb Code    18  stm32f10x_gpio.o(.text)
    GPIO_ReadOutputData                      0x08002c47   Thumb Code     8  stm32f10x_gpio.o(.text)
    GPIO_SetBits                             0x08002c4f   Thumb Code     4  stm32f10x_gpio.o(.text)
    GPIO_ResetBits                           0x08002c53   Thumb Code     4  stm32f10x_gpio.o(.text)
    GPIO_WriteBit                            0x08002c57   Thumb Code    10  stm32f10x_gpio.o(.text)
    GPIO_Write                               0x08002c61   Thumb Code     4  stm32f10x_gpio.o(.text)
    GPIO_PinLockConfig                       0x08002c65   Thumb Code    18  stm32f10x_gpio.o(.text)
    GPIO_EventOutputConfig                   0x08002c77   Thumb Code    26  stm32f10x_gpio.o(.text)
    GPIO_EventOutputCmd                      0x08002c91   Thumb Code     6  stm32f10x_gpio.o(.text)
    GPIO_PinRemapConfig                      0x08002c97   Thumb Code   138  stm32f10x_gpio.o(.text)
    GPIO_EXTILineConfig                      0x08002d21   Thumb Code    66  stm32f10x_gpio.o(.text)
    GPIO_ETH_MediaInterfaceConfig            0x08002d63   Thumb Code     8  stm32f10x_gpio.o(.text)
    RCC_DeInit                               0x08002d91   Thumb Code    64  stm32f10x_rcc.o(.text)
    RCC_HSEConfig                            0x08002dd1   Thumb Code    70  stm32f10x_rcc.o(.text)
    RCC_GetFlagStatus                        0x08002e17   Thumb Code    56  stm32f10x_rcc.o(.text)
    RCC_WaitForHSEStartUp                    0x08002e4f   Thumb Code    56  stm32f10x_rcc.o(.text)
    RCC_AdjustHSICalibrationValue            0x08002e87   Thumb Code    20  stm32f10x_rcc.o(.text)
    RCC_HSICmd                               0x08002e9b   Thumb Code     6  stm32f10x_rcc.o(.text)
    RCC_PLLConfig                            0x08002ea1   Thumb Code    24  stm32f10x_rcc.o(.text)
    RCC_PLLCmd                               0x08002eb9   Thumb Code     6  stm32f10x_rcc.o(.text)
    RCC_SYSCLKConfig                         0x08002ebf   Thumb Code    18  stm32f10x_rcc.o(.text)
    RCC_GetSYSCLKSource                      0x08002ed1   Thumb Code    10  stm32f10x_rcc.o(.text)
    RCC_HCLKConfig                           0x08002edb   Thumb Code    18  stm32f10x_rcc.o(.text)
    RCC_PCLK1Config                          0x08002eed   Thumb Code    18  stm32f10x_rcc.o(.text)
    RCC_PCLK2Config                          0x08002eff   Thumb Code    20  stm32f10x_rcc.o(.text)
    RCC_ITConfig                             0x08002f13   Thumb Code    26  stm32f10x_rcc.o(.text)
    RCC_USBCLKConfig                         0x08002f2d   Thumb Code     8  stm32f10x_rcc.o(.text)
    RCC_ADCCLKConfig                         0x08002f35   Thumb Code    18  stm32f10x_rcc.o(.text)
    RCC_LSEConfig                            0x08002f47   Thumb Code    50  stm32f10x_rcc.o(.text)
    RCC_LSICmd                               0x08002f79   Thumb Code     6  stm32f10x_rcc.o(.text)
    RCC_RTCCLKConfig                         0x08002f7f   Thumb Code    12  stm32f10x_rcc.o(.text)
    RCC_RTCCLKCmd                            0x08002f8b   Thumb Code     8  stm32f10x_rcc.o(.text)
    RCC_GetClocksFreq                        0x08002f93   Thumb Code   192  stm32f10x_rcc.o(.text)
    RCC_AHBPeriphClockCmd                    0x08003053   Thumb Code    26  stm32f10x_rcc.o(.text)
    RCC_APB2PeriphClockCmd                   0x0800306d   Thumb Code    26  stm32f10x_rcc.o(.text)
    RCC_APB1PeriphClockCmd                   0x08003087   Thumb Code    26  stm32f10x_rcc.o(.text)
    RCC_APB2PeriphResetCmd                   0x080030a1   Thumb Code    26  stm32f10x_rcc.o(.text)
    RCC_APB1PeriphResetCmd                   0x080030bb   Thumb Code    26  stm32f10x_rcc.o(.text)
    RCC_BackupResetCmd                       0x080030d5   Thumb Code     8  stm32f10x_rcc.o(.text)
    RCC_ClockSecuritySystemCmd               0x080030dd   Thumb Code     6  stm32f10x_rcc.o(.text)
    RCC_MCOConfig                            0x080030e3   Thumb Code     6  stm32f10x_rcc.o(.text)
    RCC_ClearFlag                            0x080030e9   Thumb Code    14  stm32f10x_rcc.o(.text)
    RCC_GetITStatus                          0x080030f7   Thumb Code    20  stm32f10x_rcc.o(.text)
    RCC_ClearITPendingBit                    0x0800310b   Thumb Code     6  stm32f10x_rcc.o(.text)
    CAN_DeInit                               0x08003135   Thumb Code    50  stm32f10x_can.o(.text)
    CAN_Init                                 0x08003167   Thumb Code   276  stm32f10x_can.o(.text)
    CAN_FilterInit                           0x0800327b   Thumb Code   258  stm32f10x_can.o(.text)
    CAN_StructInit                           0x0800337d   Thumb Code    32  stm32f10x_can.o(.text)
    CAN_SlaveStartBank                       0x0800339d   Thumb Code    48  stm32f10x_can.o(.text)
    CAN_DBGFreeze                            0x080033cd   Thumb Code    22  stm32f10x_can.o(.text)
    CAN_TTComModeCmd                         0x080033e3   Thumb Code   118  stm32f10x_can.o(.text)
    CAN_Transmit                             0x08003459   Thumb Code   304  stm32f10x_can.o(.text)
    CAN_TransmitStatus                       0x08003589   Thumb Code   138  stm32f10x_can.o(.text)
    CAN_CancelTransmit                       0x08003613   Thumb Code    48  stm32f10x_can.o(.text)
    CAN_Receive                              0x08003643   Thumb Code   240  stm32f10x_can.o(.text)
    CAN_FIFORelease                          0x08003733   Thumb Code    22  stm32f10x_can.o(.text)
    CAN_MessagePending                       0x08003749   Thumb Code    30  stm32f10x_can.o(.text)
    CAN_OperatingModeRequest                 0x08003767   Thumb Code   162  stm32f10x_can.o(.text)
    CAN_Sleep                                0x08003809   Thumb Code    30  stm32f10x_can.o(.text)
    CAN_WakeUp                               0x08003827   Thumb Code    48  stm32f10x_can.o(.text)
    CAN_GetLastErrorCode                     0x08003857   Thumb Code    12  stm32f10x_can.o(.text)
    CAN_GetReceiveErrorCounter               0x08003863   Thumb Code    10  stm32f10x_can.o(.text)
    CAN_GetLSBTransmitErrorCounter           0x0800386d   Thumb Code    12  stm32f10x_can.o(.text)
    CAN_ITConfig                             0x08003879   Thumb Code    18  stm32f10x_can.o(.text)
    CAN_GetFlagStatus                        0x0800388b   Thumb Code   120  stm32f10x_can.o(.text)
    CAN_ClearFlag                            0x08003903   Thumb Code    52  stm32f10x_can.o(.text)
    CAN_GetITStatus                          0x08003949   Thumb Code   310  stm32f10x_can.o(.text)
    CAN_ClearITPendingBit                    0x08003a7f   Thumb Code   162  stm32f10x_can.o(.text)
    USART_DeInit                             0x08003b25   Thumb Code   134  stm32f10x_usart.o(.text)
    USART_Init                               0x08003bab   Thumb Code   210  stm32f10x_usart.o(.text)
    USART_StructInit                         0x08003c7d   Thumb Code    24  stm32f10x_usart.o(.text)
    USART_ClockInit                          0x08003c95   Thumb Code    34  stm32f10x_usart.o(.text)
    USART_ClockStructInit                    0x08003cb7   Thumb Code    12  stm32f10x_usart.o(.text)
    USART_Cmd                                0x08003cc3   Thumb Code    24  stm32f10x_usart.o(.text)
    USART_ITConfig                           0x08003cdb   Thumb Code    74  stm32f10x_usart.o(.text)
    USART_DMACmd                             0x08003d25   Thumb Code    18  stm32f10x_usart.o(.text)
    USART_SetAddress                         0x08003d37   Thumb Code    18  stm32f10x_usart.o(.text)
    USART_WakeUpConfig                       0x08003d49   Thumb Code    18  stm32f10x_usart.o(.text)
    USART_ReceiverWakeUpCmd                  0x08003d5b   Thumb Code    24  stm32f10x_usart.o(.text)
    USART_LINBreakDetectLengthConfig         0x08003d73   Thumb Code    18  stm32f10x_usart.o(.text)
    USART_LINCmd                             0x08003d85   Thumb Code    24  stm32f10x_usart.o(.text)
    USART_SendData                           0x08003d9d   Thumb Code     8  stm32f10x_usart.o(.text)
    USART_ReceiveData                        0x08003da5   Thumb Code    10  stm32f10x_usart.o(.text)
    USART_SendBreak                          0x08003daf   Thumb Code    10  stm32f10x_usart.o(.text)
    USART_SetGuardTime                       0x08003db9   Thumb Code    16  stm32f10x_usart.o(.text)
    USART_SetPrescaler                       0x08003dc9   Thumb Code    16  stm32f10x_usart.o(.text)
    USART_SmartCardCmd                       0x08003dd9   Thumb Code    24  stm32f10x_usart.o(.text)
    USART_SmartCardNACKCmd                   0x08003df1   Thumb Code    24  stm32f10x_usart.o(.text)
    USART_HalfDuplexCmd                      0x08003e09   Thumb Code    24  stm32f10x_usart.o(.text)
    USART_OverSampling8Cmd                   0x08003e21   Thumb Code    22  stm32f10x_usart.o(.text)
    USART_OneBitMethodCmd                    0x08003e37   Thumb Code    24  stm32f10x_usart.o(.text)
    USART_IrDAConfig                         0x08003e4f   Thumb Code    18  stm32f10x_usart.o(.text)
    USART_IrDACmd                            0x08003e61   Thumb Code    24  stm32f10x_usart.o(.text)
    USART_GetFlagStatus                      0x08003e79   Thumb Code    26  stm32f10x_usart.o(.text)
    USART_ClearFlag                          0x08003e93   Thumb Code    18  stm32f10x_usart.o(.text)
    USART_GetITStatus                        0x08003ea5   Thumb Code    84  stm32f10x_usart.o(.text)
    USART_ClearITPendingBit                  0x08003ef9   Thumb Code    52  stm32f10x_usart.o(.text)
    EXTI_DeInit                              0x08003f2d   Thumb Code    28  stm32f10x_exti.o(.text)
    EXTI_Init                                0x08003f49   Thumb Code   142  stm32f10x_exti.o(.text)
    EXTI_StructInit                          0x08003fd7   Thumb Code    16  stm32f10x_exti.o(.text)
    EXTI_GenerateSWInterrupt                 0x08003fe7   Thumb Code    16  stm32f10x_exti.o(.text)
    EXTI_GetFlagStatus                       0x08003ff7   Thumb Code    22  stm32f10x_exti.o(.text)
    EXTI_ClearFlag                           0x0800400d   Thumb Code     8  stm32f10x_exti.o(.text)
    EXTI_GetITStatus                         0x08004015   Thumb Code    34  stm32f10x_exti.o(.text)
    EXTI_ClearITPendingBit                   0x08004037   Thumb Code     8  stm32f10x_exti.o(.text)
    TIM_DeInit                               0x08004049   Thumb Code   424  stm32f10x_tim.o(.text)
    TIM_TimeBaseInit                         0x080041f1   Thumb Code   122  stm32f10x_tim.o(.text)
    TIM_OC1Init                              0x0800426b   Thumb Code   132  stm32f10x_tim.o(.text)
    TIM_OC2Init                              0x080042ef   Thumb Code   154  stm32f10x_tim.o(.text)
    TIM_OC3Init                              0x08004389   Thumb Code   150  stm32f10x_tim.o(.text)
    TIM_OC4Init                              0x0800441f   Thumb Code   182  stm32f10x_tim.o(.text)
    TIM_SetIC4Prescaler                      0x080044d5   Thumb Code    26  stm32f10x_tim.o(.text)
    TIM_SetIC3Prescaler                      0x08004571   Thumb Code    18  stm32f10x_tim.o(.text)
    TIM_SetIC2Prescaler                      0x080045fd   Thumb Code    26  stm32f10x_tim.o(.text)
    TIM_SetIC1Prescaler                      0x08004699   Thumb Code    18  stm32f10x_tim.o(.text)
    TIM_ICInit                               0x08004717   Thumb Code   150  stm32f10x_tim.o(.text)
    TIM_PWMIConfig                           0x080047ad   Thumb Code   124  stm32f10x_tim.o(.text)
    TIM_BDTRConfig                           0x08004829   Thumb Code    32  stm32f10x_tim.o(.text)
    TIM_TimeBaseStructInit                   0x08004849   Thumb Code    18  stm32f10x_tim.o(.text)
    TIM_OCStructInit                         0x0800485b   Thumb Code    20  stm32f10x_tim.o(.text)
    TIM_ICStructInit                         0x0800486f   Thumb Code    18  stm32f10x_tim.o(.text)
    TIM_BDTRStructInit                       0x08004881   Thumb Code    40  stm32f10x_tim.o(.text)
    TIM_Cmd                                  0x080048a9   Thumb Code    24  stm32f10x_tim.o(.text)
    TIM_CtrlPWMOutputs                       0x080048c1   Thumb Code    30  stm32f10x_tim.o(.text)
    TIM_ITConfig                             0x080048df   Thumb Code    18  stm32f10x_tim.o(.text)
    TIM_GenerateEvent                        0x080048f1   Thumb Code     4  stm32f10x_tim.o(.text)
    TIM_DMAConfig                            0x080048f5   Thumb Code    10  stm32f10x_tim.o(.text)
    TIM_DMACmd                               0x080048ff   Thumb Code    18  stm32f10x_tim.o(.text)
    TIM_InternalClockConfig                  0x08004911   Thumb Code    12  stm32f10x_tim.o(.text)
    TIM_SelectInputTrigger                   0x0800491d   Thumb Code    18  stm32f10x_tim.o(.text)
    TIM_ITRxExternalClockConfig              0x0800492f   Thumb Code    24  stm32f10x_tim.o(.text)
    TIM_TIxExternalClockConfig               0x08004947   Thumb Code    62  stm32f10x_tim.o(.text)
    TIM_ETRConfig                            0x08004985   Thumb Code    28  stm32f10x_tim.o(.text)
    TIM_ETRClockMode1Config                  0x080049a1   Thumb Code    54  stm32f10x_tim.o(.text)
    TIM_ETRClockMode2Config                  0x080049d7   Thumb Code    32  stm32f10x_tim.o(.text)
    TIM_PrescalerConfig                      0x080049f7   Thumb Code     6  stm32f10x_tim.o(.text)
    TIM_CounterModeConfig                    0x080049fd   Thumb Code    18  stm32f10x_tim.o(.text)
    TIM_EncoderInterfaceConfig               0x08004a0f   Thumb Code    66  stm32f10x_tim.o(.text)
    TIM_ForcedOC1Config                      0x08004a51   Thumb Code    18  stm32f10x_tim.o(.text)
    TIM_ForcedOC2Config                      0x08004a63   Thumb Code    26  stm32f10x_tim.o(.text)
    TIM_ForcedOC3Config                      0x08004a7d   Thumb Code    18  stm32f10x_tim.o(.text)
    TIM_ForcedOC4Config                      0x08004a8f   Thumb Code    26  stm32f10x_tim.o(.text)
    TIM_ARRPreloadConfig                     0x08004aa9   Thumb Code    24  stm32f10x_tim.o(.text)
    TIM_SelectCOM                            0x08004ac1   Thumb Code    24  stm32f10x_tim.o(.text)
    TIM_SelectCCDMA                          0x08004ad9   Thumb Code    24  stm32f10x_tim.o(.text)
    TIM_CCPreloadControl                     0x08004af1   Thumb Code    24  stm32f10x_tim.o(.text)
    TIM_OC1PreloadConfig                     0x08004b09   Thumb Code    18  stm32f10x_tim.o(.text)
    TIM_OC2PreloadConfig                     0x08004b1b   Thumb Code    26  stm32f10x_tim.o(.text)
    TIM_OC3PreloadConfig                     0x08004b35   Thumb Code    18  stm32f10x_tim.o(.text)
    TIM_OC4PreloadConfig                     0x08004b47   Thumb Code    26  stm32f10x_tim.o(.text)
    TIM_OC1FastConfig                        0x08004b61   Thumb Code    18  stm32f10x_tim.o(.text)
    TIM_OC2FastConfig                        0x08004b73   Thumb Code    26  stm32f10x_tim.o(.text)
    TIM_OC3FastConfig                        0x08004b8d   Thumb Code    18  stm32f10x_tim.o(.text)
    TIM_OC4FastConfig                        0x08004b9f   Thumb Code    26  stm32f10x_tim.o(.text)
    TIM_ClearOC1Ref                          0x08004bb9   Thumb Code    18  stm32f10x_tim.o(.text)
    TIM_ClearOC2Ref                          0x08004bcb   Thumb Code    24  stm32f10x_tim.o(.text)
    TIM_ClearOC3Ref                          0x08004be3   Thumb Code    18  stm32f10x_tim.o(.text)
    TIM_ClearOC4Ref                          0x08004bf5   Thumb Code    24  stm32f10x_tim.o(.text)
    TIM_OC1PolarityConfig                    0x08004c0d   Thumb Code    18  stm32f10x_tim.o(.text)
    TIM_OC1NPolarityConfig                   0x08004c1f   Thumb Code    18  stm32f10x_tim.o(.text)
    TIM_OC2PolarityConfig                    0x08004c31   Thumb Code    26  stm32f10x_tim.o(.text)
    TIM_OC2NPolarityConfig                   0x08004c4b   Thumb Code    26  stm32f10x_tim.o(.text)
    TIM_OC3PolarityConfig                    0x08004c65   Thumb Code    26  stm32f10x_tim.o(.text)
    TIM_OC3NPolarityConfig                   0x08004c7f   Thumb Code    26  stm32f10x_tim.o(.text)
    TIM_OC4PolarityConfig                    0x08004c99   Thumb Code    26  stm32f10x_tim.o(.text)
    TIM_CCxCmd                               0x08004cb3   Thumb Code    30  stm32f10x_tim.o(.text)
    TIM_CCxNCmd                              0x08004cd1   Thumb Code    30  stm32f10x_tim.o(.text)
    TIM_SelectOCxM                           0x08004cef   Thumb Code    82  stm32f10x_tim.o(.text)
    TIM_UpdateDisableConfig                  0x08004d41   Thumb Code    24  stm32f10x_tim.o(.text)
    TIM_UpdateRequestConfig                  0x08004d59   Thumb Code    24  stm32f10x_tim.o(.text)
    TIM_SelectHallSensor                     0x08004d71   Thumb Code    24  stm32f10x_tim.o(.text)
    TIM_SelectOnePulseMode                   0x08004d89   Thumb Code    18  stm32f10x_tim.o(.text)
    TIM_SelectOutputTrigger                  0x08004d9b   Thumb Code    18  stm32f10x_tim.o(.text)
    TIM_SelectSlaveMode                      0x08004dad   Thumb Code    18  stm32f10x_tim.o(.text)
    TIM_SelectMasterSlaveMode                0x08004dbf   Thumb Code    18  stm32f10x_tim.o(.text)
    TIM_SetCounter                           0x08004dd1   Thumb Code     4  stm32f10x_tim.o(.text)
    TIM_SetAutoreload                        0x08004dd5   Thumb Code     4  stm32f10x_tim.o(.text)
    TIM_SetCompare1                          0x08004dd9   Thumb Code     4  stm32f10x_tim.o(.text)
    TIM_SetCompare2                          0x08004ddd   Thumb Code     4  stm32f10x_tim.o(.text)
    TIM_SetCompare3                          0x08004de1   Thumb Code     4  stm32f10x_tim.o(.text)
    TIM_SetCompare4                          0x08004de5   Thumb Code     6  stm32f10x_tim.o(.text)
    TIM_SetClockDivision                     0x08004deb   Thumb Code    18  stm32f10x_tim.o(.text)
    TIM_GetCapture1                          0x08004dfd   Thumb Code     6  stm32f10x_tim.o(.text)
    TIM_GetCapture2                          0x08004e03   Thumb Code     6  stm32f10x_tim.o(.text)
    TIM_GetCapture3                          0x08004e09   Thumb Code     6  stm32f10x_tim.o(.text)
    TIM_GetCapture4                          0x08004e0f   Thumb Code     8  stm32f10x_tim.o(.text)
    TIM_GetCounter                           0x08004e17   Thumb Code     6  stm32f10x_tim.o(.text)
    TIM_GetPrescaler                         0x08004e1d   Thumb Code     6  stm32f10x_tim.o(.text)
    TIM_GetFlagStatus                        0x08004e23   Thumb Code    18  stm32f10x_tim.o(.text)
    TIM_ClearFlag                            0x08004e35   Thumb Code     6  stm32f10x_tim.o(.text)
    TIM_GetITStatus                          0x08004e3b   Thumb Code    34  stm32f10x_tim.o(.text)
    TIM_ClearITPendingBit                    0x08004e5d   Thumb Code     6  stm32f10x_tim.o(.text)
    __use_no_semihosting                     0x08004e63   Thumb Code     2  use_no_semi_2.o(.text)
    __2printf                                0x08004e65   Thumb Code    20  noretval__2printf.o(.text)
    _printf_int_dec                          0x08004e7d   Thumb Code   104  _printf_dec.o(.text)
    __printf                                 0x08004ef5   Thumb Code   270  __printf_wp.o(.text)
    strtol                                   0x08005003   Thumb Code   112  strtol.o(.text)
    __use_two_region_memory                  0x08005073   Thumb Code     2  heapauxi.o(.text)
    __rt_heap_escrow$2region                 0x08005075   Thumb Code     2  heapauxi.o(.text)
    __rt_heap_expand$2region                 0x08005077   Thumb Code     2  heapauxi.o(.text)
    __I$use$semihosting                      0x08005079   Thumb Code     0  use_no_semi.o(.text)
    __use_no_semihosting_swi                 0x08005079   Thumb Code     2  use_no_semi.o(.text)
    __rt_ctype_table                         0x0800507d   Thumb Code    16  rt_ctype_table.o(.text)
    __aeabi_errno_addr                       0x0800508d   Thumb Code     8  rt_errno_addr_intlibspace.o(.text)
    __errno$intlibspace                      0x0800508d   Thumb Code     0  rt_errno_addr_intlibspace.o(.text)
    __rt_errno_addr$intlibspace              0x0800508d   Thumb Code     0  rt_errno_addr_intlibspace.o(.text)
    _printf_int_common                       0x08005095   Thumb Code   178  _printf_intcommon.o(.text)
    __lib_sel_fp_printf                      0x08005147   Thumb Code     2  _printf_fp_dec.o(.text)
    _printf_fp_dec_real                      0x080052f5   Thumb Code   620  _printf_fp_dec.o(.text)
    _printf_char_file                        0x08005561   Thumb Code    32  _printf_char_file.o(.text)
    _strtoul                                 0x08005585   Thumb Code   158  _strtoul.o(.text)
    __user_libspace                          0x08005625   Thumb Code     8  libspace.o(.text)
    __user_perproc_libspace                  0x08005625   Thumb Code     0  libspace.o(.text)
    __user_perthread_libspace                0x08005625   Thumb Code     0  libspace.o(.text)
    __rt_locale                              0x0800562d   Thumb Code     8  rt_locale_intlibspace.o(.text)
    _ll_udiv10                               0x08005635   Thumb Code   138  lludiv10.o(.text)
    _printf_char_common                      0x080056cb   Thumb Code    32  _printf_char_common.o(.text)
    _printf_fp_infnan                        0x080056f1   Thumb Code   112  _printf_fp_infnan.o(.text)
    _chval                                   0x08005771   Thumb Code    28  _chval.o(.text)
    _btod_etento                             0x0800578d   Thumb Code   216  bigflt0.o(.text)
    ferror                                   0x08005869   Thumb Code     8  ferror.o(.text)
    __user_setup_stackheap                   0x08005871   Thumb Code    74  sys_stackheap_outer.o(.text)
    exit                                     0x080058bb   Thumb Code    18  exit.o(.text)
    strcmp                                   0x080058cd   Thumb Code   128  strcmpv7m.o(.text)
    _btod_d2e                                0x0800594d   Thumb Code    62  btod.o(CL$$btod_d2e)
    _d2e_denorm_low                          0x0800598b   Thumb Code    70  btod.o(CL$$btod_d2e_denorm_low)
    _d2e_norm_op1                            0x080059d1   Thumb Code    96  btod.o(CL$$btod_d2e_norm_op1)
    __btod_div_common                        0x08005a31   Thumb Code   696  btod.o(CL$$btod_div_common)
    _e2e                                     0x08005d69   Thumb Code   198  btod.o(CL$$btod_e2e)
    _btod_ediv                               0x08005e2f   Thumb Code    40  btod.o(CL$$btod_ediv)
    _btod_emul                               0x08005e57   Thumb Code    40  btod.o(CL$$btod_emul)
    __btod_mult_common                       0x08005e7f   Thumb Code   580  btod.o(CL$$btod_mult_common)
    __ARM_fpclassify                         0x080060c3   Thumb Code    40  fpclassify.o(i.__ARM_fpclassify)
    _is_digit                                0x080060eb   Thumb Code    14  __printf_wp.o(i._is_digit)
    _get_lc_ctype                            0x080060f9   Thumb Code    44  lc_ctype_c.o(locale$$code)
    _get_lc_numeric                          0x08006125   Thumb Code    44  lc_numeric_c.o(locale$$code)
    __aeabi_d2f                              0x08006151   Thumb Code     0  d2f.o(x$fpl$d2f)
    _d2f                                     0x08006151   Thumb Code    98  d2f.o(x$fpl$d2f)
    __aeabi_dadd                             0x080061b5   Thumb Code     0  daddsub_clz.o(x$fpl$dadd)
    _dadd                                    0x080061b5   Thumb Code   332  daddsub_clz.o(x$fpl$dadd)
    __fpl_dcmp_Inf                           0x08006305   Thumb Code    24  dcmpi.o(x$fpl$dcmpinf)
    __aeabi_ddiv                             0x0800631d   Thumb Code     0  ddiv.o(x$fpl$ddiv)
    _ddiv                                    0x0800631d   Thumb Code   552  ddiv.o(x$fpl$ddiv)
    __aeabi_i2d                              0x080065cd   Thumb Code     0  dflt_clz.o(x$fpl$dflt)
    _dflt                                    0x080065cd   Thumb Code    46  dflt_clz.o(x$fpl$dflt)
    __aeabi_ui2d                             0x080065fb   Thumb Code     0  dflt_clz.o(x$fpl$dfltu)
    _dfltu                                   0x080065fb   Thumb Code    38  dflt_clz.o(x$fpl$dfltu)
    __aeabi_cdcmple                          0x08006621   Thumb Code     0  dleqf.o(x$fpl$dleqf)
    _dcmple                                  0x08006621   Thumb Code   120  dleqf.o(x$fpl$dleqf)
    __fpl_dcmple_InfNaN                      0x08006683   Thumb Code     0  dleqf.o(x$fpl$dleqf)
    __fpl_dnaninf                            0x08006699   Thumb Code   156  dnaninf.o(x$fpl$dnaninf)
    __fpl_dretinf                            0x08006735   Thumb Code    12  dretinf.o(x$fpl$dretinf)
    __aeabi_cdrcmple                         0x08006741   Thumb Code     0  drleqf.o(x$fpl$drleqf)
    _drcmple                                 0x08006741   Thumb Code   108  drleqf.o(x$fpl$drleqf)
    __aeabi_dsub                             0x080067ad   Thumb Code     0  daddsub_clz.o(x$fpl$dsub)
    _dsub                                    0x080067ad   Thumb Code   464  daddsub_clz.o(x$fpl$dsub)
    __aeabi_f2d                              0x08006981   Thumb Code     0  f2d.o(x$fpl$f2d)
    _f2d                                     0x08006981   Thumb Code    86  f2d.o(x$fpl$f2d)
    __aeabi_fadd                             0x080069d9   Thumb Code     0  faddsub_clz.o(x$fpl$fadd)
    _fadd                                    0x080069d9   Thumb Code   196  faddsub_clz.o(x$fpl$fadd)
    __fpl_fcmp_Inf                           0x08006a9d   Thumb Code    24  fcmpi.o(x$fpl$fcmpinf)
    __aeabi_fdiv                             0x08006ab5   Thumb Code     0  fdiv.o(x$fpl$fdiv)
    _fdiv                                    0x08006ab5   Thumb Code   384  fdiv.o(x$fpl$fdiv)
    __aeabi_cfcmpeq                          0x08006c39   Thumb Code     0  feqf.o(x$fpl$feqf)
    _fcmpeq                                  0x08006c39   Thumb Code   104  feqf.o(x$fpl$feqf)
    __aeabi_f2iz                             0x08006ca1   Thumb Code     0  ffix.o(x$fpl$ffix)
    _ffix                                    0x08006ca1   Thumb Code    54  ffix.o(x$fpl$ffix)
    __aeabi_i2f                              0x08006cd9   Thumb Code     0  fflt_clz.o(x$fpl$fflt)
    _fflt                                    0x08006cd9   Thumb Code    48  fflt_clz.o(x$fpl$fflt)
    __aeabi_cfcmple                          0x08006d09   Thumb Code     0  fleqf.o(x$fpl$fleqf)
    _fcmple                                  0x08006d09   Thumb Code   104  fleqf.o(x$fpl$fleqf)
    __fpl_fcmple_InfNaN                      0x08006d5b   Thumb Code     0  fleqf.o(x$fpl$fleqf)
    __aeabi_fmul                             0x08006d71   Thumb Code     0  fmul.o(x$fpl$fmul)
    _fmul                                    0x08006d71   Thumb Code   258  fmul.o(x$fpl$fmul)
    __fpl_fnaninf                            0x08006e73   Thumb Code   140  fnaninf.o(x$fpl$fnaninf)
    __fpl_fretinf                            0x08006eff   Thumb Code    10  fretinf.o(x$fpl$fretinf)
    __aeabi_cfrcmple                         0x08006f09   Thumb Code     0  frleqf.o(x$fpl$frleqf)
    _frcmple                                 0x08006f09   Thumb Code    98  frleqf.o(x$fpl$frleqf)
    __aeabi_frsub                            0x08006f6b   Thumb Code     0  faddsub_clz.o(x$fpl$frsb)
    _frsb                                    0x08006f6b   Thumb Code    20  faddsub_clz.o(x$fpl$frsb)
    __aeabi_fsub                             0x08006f81   Thumb Code     0  faddsub_clz.o(x$fpl$fsub)
    _fsub                                    0x08006f81   Thumb Code   234  faddsub_clz.o(x$fpl$fsub)
    _printf_fp_dec                           0x0800706b   Thumb Code     4  printf1.o(x$fpl$printf1)
    __I$use$fp                               0x0800706e   Number         0  usenofp.o(x$fpl$usenofp)
    Region$$Table$$Base                      0x08007104   Number         0  anon$$obj.o(Region$$Table)
    Region$$Table$$Limit                     0x08007124   Number         0  anon$$obj.o(Region$$Table)
    __ctype                                  0x08007131   Data           0  lc_ctype_c.o(locale$$data)
    UNLOCK                                   0x20000000   Data           5  main.o(.data)
    RATE                                     0x20000005   Data           5  main.o(.data)
    a                                        0x2000000c   Data           4  main.o(.data)
    SystemCoreClock                          0x20000010   Data           4  system_stm32f10x.o(.data)
    AHBPrescTable                            0x20000014   Data          16  system_stm32f10x.o(.data)
    standard_angle                           0x20000024   Data           4  motor.o(.data)
    SETZERO                                  0x20000028   Data           5  motor.o(.data)
    YAWCMD                                   0x2000002d   Data           3  motor.o(.data)
    ACCCMD                                   0x20000030   Data           3  motor.o(.data)
    SLEEPCMD                                 0x20000033   Data           3  motor.o(.data)
    UARTMODECMD                              0x20000036   Data           3  motor.o(.data)
    IICMODECMD                               0x20000039   Data           3  motor.o(.data)
    stcAcc                                   0x2000003c   Data           8  motor.o(.data)
    stcGyro                                  0x20000044   Data           8  motor.o(.data)
    stcAngle                                 0x2000004c   Data           8  motor.o(.data)
    USART3_RX_STA                            0x20000056   Data           2  laser.o(.data)
    USART2_RX_STA                            0x20000058   Data           2  gyro.o(.data)
    Now_tim                                  0x2000005c   Data           4  ultrasonic.o(.data)
    Left_dist                                0x20000060   Data           4  ultrasonic.o(.data)
    Left_tim                                 0x20000064   Data           4  ultrasonic.o(.data)
    Right_dist                               0x20000068   Data           4  ultrasonic.o(.data)
    Right_tim                                0x2000006c   Data           4  ultrasonic.o(.data)
    Front_dist                               0x20000070   Data           4  ultrasonic.o(.data)
    Front_tim                                0x20000074   Data           4  ultrasonic.o(.data)
    LEft_dist                                0x20000078   Data           4  ultrasonic.o(.data)
    LEft_tim                                 0x2000007c   Data           4  ultrasonic.o(.data)
    __stdout                                 0x20000088   Data           4  usart.o(.data)
    USART_RX_STA                             0x2000008c   Data           2  usart.o(.data)
    USART3_RX_BUF                            0x2000019e   Data          17  laser.o(.bss)
    USART3_TX_BUF                            0x200001af   Data         600  laser.o(.bss)
    motor                                    0x20000508   Data          24  timer.o(.bss)
    USART_RX_BUF                             0x20000520   Data         200  usart.o(.bss)
    __libspace_start                         0x200005e8   Data          96  libspace.o(.bss)
    __temporary_stack_top$libspace           0x20000648   Data           0  libspace.o(.bss)



==============================================================================

Memory Map of the image

  Image Entry point : 0x08000131

  Load Region LR_IROM1 (Base: 0x08000000, Size: 0x000072f4, Max: 0x00080000, ABSOLUTE)

    Execution Region ER_IROM1 (Base: 0x08000000, Size: 0x00007250, Max: 0x00080000, ABSOLUTE)

    Base Addr    Size         Type   Attr      Idx    E Section Name        Object

    0x08000000   0x00000130   Data   RO          427    RESET               startup_stm32f10x_hd.o
    0x08000130   0x00000008   Code   RO          569  * !!!main             c_w.l(__main.o)
    0x08000138   0x00000034   Code   RO          863    !!!scatter          c_w.l(__scatter.o)
    0x0800016c   0x0000001a   Code   RO          865    !!handler_copy      c_w.l(__scatter_copy.o)
    0x08000186   0x00000002   PAD
    0x08000188   0x0000001c   Code   RO          867    !!handler_zi        c_w.l(__scatter_zi.o)
    0x080001a4   0x00000000   Code   RO          564    .ARM.Collect$$_printf_percent$$00000000  c_w.l(_printf_percent.o)
    0x080001a4   0x00000006   Code   RO          563    .ARM.Collect$$_printf_percent$$00000003  c_w.l(_printf_f.o)
    0x080001aa   0x00000006   Code   RO          562    .ARM.Collect$$_printf_percent$$00000009  c_w.l(_printf_d.o)
    0x080001b0   0x00000004   Code   RO          641    .ARM.Collect$$_printf_percent$$00000017  c_w.l(_printf_percent_end.o)
    0x080001b4   0x00000002   Code   RO          740    .ARM.Collect$$libinit$$00000000  c_w.l(libinit.o)
    0x080001b6   0x00000000   Code   RO          742    .ARM.Collect$$libinit$$00000002  c_w.l(libinit2.o)
    0x080001b6   0x00000000   Code   RO          744    .ARM.Collect$$libinit$$00000004  c_w.l(libinit2.o)
    0x080001b6   0x00000000   Code   RO          747    .ARM.Collect$$libinit$$0000000A  c_w.l(libinit2.o)
    0x080001b6   0x00000000   Code   RO          749    .ARM.Collect$$libinit$$0000000C  c_w.l(libinit2.o)
    0x080001b6   0x00000000   Code   RO          751    .ARM.Collect$$libinit$$0000000E  c_w.l(libinit2.o)
    0x080001b6   0x00000006   Code   RO          752    .ARM.Collect$$libinit$$0000000F  c_w.l(libinit2.o)
    0x080001bc   0x00000000   Code   RO          754    .ARM.Collect$$libinit$$00000011  c_w.l(libinit2.o)
    0x080001bc   0x0000000c   Code   RO          755    .ARM.Collect$$libinit$$00000012  c_w.l(libinit2.o)
    0x080001c8   0x00000000   Code   RO          756    .ARM.Collect$$libinit$$00000013  c_w.l(libinit2.o)
    0x080001c8   0x00000000   Code   RO          758    .ARM.Collect$$libinit$$00000015  c_w.l(libinit2.o)
    0x080001c8   0x0000000a   Code   RO          759    .ARM.Collect$$libinit$$00000016  c_w.l(libinit2.o)
    0x080001d2   0x00000000   Code   RO          760    .ARM.Collect$$libinit$$00000017  c_w.l(libinit2.o)
    0x080001d2   0x00000000   Code   RO          762    .ARM.Collect$$libinit$$00000019  c_w.l(libinit2.o)
    0x080001d2   0x00000000   Code   RO          764    .ARM.Collect$$libinit$$0000001B  c_w.l(libinit2.o)
    0x080001d2   0x00000000   Code   RO          766    .ARM.Collect$$libinit$$0000001D  c_w.l(libinit2.o)
    0x080001d2   0x00000000   Code   RO          768    .ARM.Collect$$libinit$$0000001F  c_w.l(libinit2.o)
    0x080001d2   0x00000000   Code   RO          770    .ARM.Collect$$libinit$$00000021  c_w.l(libinit2.o)
    0x080001d2   0x00000000   Code   RO          772    .ARM.Collect$$libinit$$00000023  c_w.l(libinit2.o)
    0x080001d2   0x00000000   Code   RO          774    .ARM.Collect$$libinit$$00000025  c_w.l(libinit2.o)
    0x080001d2   0x00000000   Code   RO          778    .ARM.Collect$$libinit$$0000002C  c_w.l(libinit2.o)
    0x080001d2   0x00000000   Code   RO          780    .ARM.Collect$$libinit$$0000002E  c_w.l(libinit2.o)
    0x080001d2   0x00000000   Code   RO          782    .ARM.Collect$$libinit$$00000030  c_w.l(libinit2.o)
    0x080001d2   0x00000000   Code   RO          784    .ARM.Collect$$libinit$$00000032  c_w.l(libinit2.o)
    0x080001d2   0x00000002   Code   RO          785    .ARM.Collect$$libinit$$00000033  c_w.l(libinit2.o)
    0x080001d4   0x00000002   Code   RO          813    .ARM.Collect$$libshutdown$$00000000  c_w.l(libshutdown.o)
    0x080001d6   0x00000000   Code   RO          822    .ARM.Collect$$libshutdown$$00000002  c_w.l(libshutdown2.o)
    0x080001d6   0x00000000   Code   RO          824    .ARM.Collect$$libshutdown$$00000004  c_w.l(libshutdown2.o)
    0x080001d6   0x00000000   Code   RO          827    .ARM.Collect$$libshutdown$$00000007  c_w.l(libshutdown2.o)
    0x080001d6   0x00000000   Code   RO          830    .ARM.Collect$$libshutdown$$0000000A  c_w.l(libshutdown2.o)
    0x080001d6   0x00000000   Code   RO          832    .ARM.Collect$$libshutdown$$0000000C  c_w.l(libshutdown2.o)
    0x080001d6   0x00000000   Code   RO          835    .ARM.Collect$$libshutdown$$0000000F  c_w.l(libshutdown2.o)
    0x080001d6   0x00000002   Code   RO          836    .ARM.Collect$$libshutdown$$00000010  c_w.l(libshutdown2.o)
    0x080001d8   0x00000000   Code   RO          627    .ARM.Collect$$rtentry$$00000000  c_w.l(__rtentry.o)
    0x080001d8   0x00000000   Code   RO          661    .ARM.Collect$$rtentry$$00000002  c_w.l(__rtentry2.o)
    0x080001d8   0x00000006   Code   RO          673    .ARM.Collect$$rtentry$$00000004  c_w.l(__rtentry4.o)
    0x080001de   0x00000000   Code   RO          663    .ARM.Collect$$rtentry$$00000009  c_w.l(__rtentry2.o)
    0x080001de   0x00000004   Code   RO          664    .ARM.Collect$$rtentry$$0000000A  c_w.l(__rtentry2.o)
    0x080001e2   0x00000000   Code   RO          666    .ARM.Collect$$rtentry$$0000000C  c_w.l(__rtentry2.o)
    0x080001e2   0x00000008   Code   RO          667    .ARM.Collect$$rtentry$$0000000D  c_w.l(__rtentry2.o)
    0x080001ea   0x00000002   Code   RO          786    .ARM.Collect$$rtexit$$00000000  c_w.l(rtexit.o)
    0x080001ec   0x00000000   Code   RO          793    .ARM.Collect$$rtexit$$00000002  c_w.l(rtexit2.o)
    0x080001ec   0x00000004   Code   RO          794    .ARM.Collect$$rtexit$$00000003  c_w.l(rtexit2.o)
    0x080001f0   0x00000006   Code   RO          795    .ARM.Collect$$rtexit$$00000004  c_w.l(rtexit2.o)
    0x080001f6   0x00000002   PAD
    0x080001f8   0x000000e4   Code   RO            1    .text               main.o
    0x080002dc   0x0000001a   Code   RO          148    .text               stm32f10x_it.o
    0x080002f6   0x00000002   PAD
    0x080002f8   0x000001e0   Code   RO          189    .text               system_stm32f10x.o
    0x080004d8   0x0000060c   Code   RO          207    .text               can.o
    0x08000ae4   0x000010b8   Code   RO          226    .text               motor.o
    0x08001b9c   0x0000018c   Code   RO          248    .text               laser.o
    0x08001d28   0x00000190   Code   RO          284    .text               gyro.o
    0x08001eb8   0x0000071c   Code   RO          315    .text               ultrasonic.o
    0x080025d4   0x00000130   Code   RO          330    .text               timer.o
    0x08002704   0x000000d4   Code   RO          361    .text               delay.o
    0x080027d8   0x00000140   Code   RO          392    .text               usart.o
    0x08002918   0x00000040   Code   RO          428    .text               startup_stm32f10x_hd.o
    0x08002958   0x000000dc   Code   RO          432    .text               misc.o
    0x08002a34   0x0000035c   Code   RO          456    .text               stm32f10x_gpio.o
    0x08002d90   0x000003a4   Code   RO          468    .text               stm32f10x_rcc.o
    0x08003134   0x000009f0   Code   RO          482    .text               stm32f10x_can.o
    0x08003b24   0x00000408   Code   RO          494    .text               stm32f10x_usart.o
    0x08003f2c   0x0000011c   Code   RO          506    .text               stm32f10x_exti.o
    0x08004048   0x00000e1a   Code   RO          518    .text               stm32f10x_tim.o
    0x08004e62   0x00000002   Code   RO          532    .text               c_w.l(use_no_semi_2.o)
    0x08004e64   0x00000018   Code   RO          536    .text               c_w.l(noretval__2printf.o)
    0x08004e7c   0x00000078   Code   RO          540    .text               c_w.l(_printf_dec.o)
    0x08004ef4   0x0000010e   Code   RO          550    .text               c_w.l(__printf_wp.o)
    0x08005002   0x00000070   Code   RO          565    .text               c_w.l(strtol.o)
    0x08005072   0x00000006   Code   RO          567    .text               c_w.l(heapauxi.o)
    0x08005078   0x00000002   Code   RO          625    .text               c_w.l(use_no_semi.o)
    0x0800507a   0x00000002   PAD
    0x0800507c   0x00000010   Code   RO          628    .text               c_w.l(rt_ctype_table.o)
    0x0800508c   0x00000008   Code   RO          633    .text               c_w.l(rt_errno_addr_intlibspace.o)
    0x08005094   0x000000b2   Code   RO          635    .text               c_w.l(_printf_intcommon.o)
    0x08005146   0x0000041a   Code   RO          637    .text               c_w.l(_printf_fp_dec.o)
    0x08005560   0x00000024   Code   RO          639    .text               c_w.l(_printf_char_file.o)
    0x08005584   0x0000009e   Code   RO          642    .text               c_w.l(_strtoul.o)
    0x08005622   0x00000002   PAD
    0x08005624   0x00000008   Code   RO          657    .text               c_w.l(libspace.o)
    0x0800562c   0x00000008   Code   RO          678    .text               c_w.l(rt_locale_intlibspace.o)
    0x08005634   0x0000008a   Code   RO          680    .text               c_w.l(lludiv10.o)
    0x080056be   0x00000002   PAD
    0x080056c0   0x00000030   Code   RO          682    .text               c_w.l(_printf_char_common.o)
    0x080056f0   0x00000080   Code   RO          684    .text               c_w.l(_printf_fp_infnan.o)
    0x08005770   0x0000001c   Code   RO          686    .text               c_w.l(_chval.o)
    0x0800578c   0x000000dc   Code   RO          688    .text               c_w.l(bigflt0.o)
    0x08005868   0x00000008   Code   RO          713    .text               c_w.l(ferror.o)
    0x08005870   0x0000004a   Code   RO          727    .text               c_w.l(sys_stackheap_outer.o)
    0x080058ba   0x00000012   Code   RO          731    .text               c_w.l(exit.o)
    0x080058cc   0x00000080   Code   RO          733    .text               c_w.l(strcmpv7m.o)
    0x0800594c   0x0000003e   Code   RO          691    CL$$btod_d2e        c_w.l(btod.o)
    0x0800598a   0x00000046   Code   RO          693    CL$$btod_d2e_denorm_low  c_w.l(btod.o)
    0x080059d0   0x00000060   Code   RO          692    CL$$btod_d2e_norm_op1  c_w.l(btod.o)
    0x08005a30   0x00000338   Code   RO          701    CL$$btod_div_common  c_w.l(btod.o)
    0x08005d68   0x000000c6   Code   RO          698    CL$$btod_e2e        c_w.l(btod.o)
    0x08005e2e   0x00000028   Code   RO          695    CL$$btod_ediv       c_w.l(btod.o)
    0x08005e56   0x00000028   Code   RO          694    CL$$btod_emul       c_w.l(btod.o)
    0x08005e7e   0x00000244   Code   RO          700    CL$$btod_mult_common  c_w.l(btod.o)
    0x080060c2   0x00000028   Code   RO          725    i.__ARM_fpclassify  m_ws.l(fpclassify.o)
    0x080060ea   0x0000000e   Code   RO          552    i._is_digit         c_w.l(__printf_wp.o)
    0x080060f8   0x0000002c   Code   RO          718    locale$$code        c_w.l(lc_ctype_c.o)
    0x08006124   0x0000002c   Code   RO          721    locale$$code        c_w.l(lc_numeric_c.o)
    0x08006150   0x00000062   Code   RO          571    x$fpl$d2f           fz_ws.l(d2f.o)
    0x080061b2   0x00000002   PAD
    0x080061b4   0x00000150   Code   RO          573    x$fpl$dadd          fz_ws.l(daddsub_clz.o)
    0x08006304   0x00000018   Code   RO          644    x$fpl$dcmpinf       fz_ws.l(dcmpi.o)
    0x0800631c   0x000002b0   Code   RO          580    x$fpl$ddiv          fz_ws.l(ddiv.o)
    0x080065cc   0x0000002e   Code   RO          584    x$fpl$dflt          fz_ws.l(dflt_clz.o)
    0x080065fa   0x00000026   Code   RO          583    x$fpl$dfltu         fz_ws.l(dflt_clz.o)
    0x08006620   0x00000078   Code   RO          589    x$fpl$dleqf         fz_ws.l(dleqf.o)
    0x08006698   0x0000009c   Code   RO          646    x$fpl$dnaninf       fz_ws.l(dnaninf.o)
    0x08006734   0x0000000c   Code   RO          648    x$fpl$dretinf       fz_ws.l(dretinf.o)
    0x08006740   0x0000006c   Code   RO          591    x$fpl$drleqf        fz_ws.l(drleqf.o)
    0x080067ac   0x000001d4   Code   RO          575    x$fpl$dsub          fz_ws.l(daddsub_clz.o)
    0x08006980   0x00000056   Code   RO          593    x$fpl$f2d           fz_ws.l(f2d.o)
    0x080069d6   0x00000002   PAD
    0x080069d8   0x000000c4   Code   RO          595    x$fpl$fadd          fz_ws.l(faddsub_clz.o)
    0x08006a9c   0x00000018   Code   RO          650    x$fpl$fcmpinf       fz_ws.l(fcmpi.o)
    0x08006ab4   0x00000184   Code   RO          602    x$fpl$fdiv          fz_ws.l(fdiv.o)
    0x08006c38   0x00000068   Code   RO          605    x$fpl$feqf          fz_ws.l(feqf.o)
    0x08006ca0   0x00000036   Code   RO          607    x$fpl$ffix          fz_ws.l(ffix.o)
    0x08006cd6   0x00000002   PAD
    0x08006cd8   0x00000030   Code   RO          612    x$fpl$fflt          fz_ws.l(fflt_clz.o)
    0x08006d08   0x00000068   Code   RO          617    x$fpl$fleqf         fz_ws.l(fleqf.o)
    0x08006d70   0x00000102   Code   RO          619    x$fpl$fmul          fz_ws.l(fmul.o)
    0x08006e72   0x0000008c   Code   RO          652    x$fpl$fnaninf       fz_ws.l(fnaninf.o)
    0x08006efe   0x0000000a   Code   RO          654    x$fpl$fretinf       fz_ws.l(fretinf.o)
    0x08006f08   0x00000062   Code   RO          621    x$fpl$frleqf        fz_ws.l(frleqf.o)
    0x08006f6a   0x00000014   Code   RO          596    x$fpl$frsb          fz_ws.l(faddsub_clz.o)
    0x08006f7e   0x00000002   PAD
    0x08006f80   0x000000ea   Code   RO          597    x$fpl$fsub          fz_ws.l(faddsub_clz.o)
    0x0800706a   0x00000004   Code   RO          623    x$fpl$printf1       fz_ws.l(printf1.o)
    0x0800706e   0x00000000   Code   RO          656    x$fpl$usenofp       fz_ws.l(usenofp.o)
    0x0800706e   0x00000002   PAD
    0x08007070   0x00000094   Data   RO          689    .constdata          c_w.l(bigflt0.o)
    0x08007104   0x00000020   Data   RO          861    Region$$Table       anon$$obj.o
    0x08007124   0x00000110   Data   RO          717    locale$$data        c_w.l(lc_ctype_c.o)
    0x08007234   0x0000001c   Data   RO          720    locale$$data        c_w.l(lc_numeric_c.o)


    Execution Region RW_IRAM1 (Base: 0x20000000, Size: 0x00000c48, Max: 0x00010000, ABSOLUTE)

    Base Addr    Size         Type   Attr      Idx    E Section Name        Object

    0x20000000   0x00000010   Data   RW            2    .data               main.o
    0x20000010   0x00000014   Data   RW          190    .data               system_stm32f10x.o
    0x20000024   0x00000031   Data   RW          228    .data               motor.o
    0x20000055   0x00000001   PAD
    0x20000056   0x00000002   Data   RW          250    .data               laser.o
    0x20000058   0x00000004   Data   RW          286    .data               gyro.o
    0x2000005c   0x00000024   Data   RW          316    .data               ultrasonic.o
    0x20000080   0x00000004   Data   RW          332    .data               timer.o
    0x20000084   0x00000004   Data   RW          362    .data               delay.o
    0x20000088   0x00000006   Data   RW          394    .data               usart.o
    0x2000008e   0x00000014   Data   RW          469    .data               stm32f10x_rcc.o
    0x200000a2   0x00000002   PAD
    0x200000a4   0x000000fa   Zero   RW          227    .bss                motor.o
    0x2000019e   0x00000269   Zero   RW          249    .bss                laser.o
    0x20000407   0x00000100   Zero   RW          285    .bss                gyro.o
    0x20000507   0x00000001   PAD
    0x20000508   0x00000018   Zero   RW          331    .bss                timer.o
    0x20000520   0x000000c8   Zero   RW          393    .bss                usart.o
    0x200005e8   0x00000060   Zero   RW          658    .bss                c_w.l(libspace.o)
    0x20000648   0x00000200   Zero   RW          426    HEAP                startup_stm32f10x_hd.o
    0x20000848   0x00000400   Zero   RW          425    STACK               startup_stm32f10x_hd.o


==============================================================================

Image component sizes


      Code (inc. data)   RO Data    RW Data    ZI Data      Debug   Object Name

      1548         14          0          0          0       6710   can.o
       212         18          0          4          0        991   delay.o
       400         28          0          4        256       2034   gyro.o
       396         18          0          2        617       2186   laser.o
       228         28          0         16          0     264950   main.o
       220         22          0          0          0       1749   misc.o
      4280        542          0         49        250       6178   motor.o
        64         26        304          0       1536        768   startup_stm32f10x_hd.o
      2544         38          0          0          0       7980   stm32f10x_can.o
       284         10          0          0          0       2207   stm32f10x_exti.o
       860         38          0          0          0       5681   stm32f10x_gpio.o
        26          0          0          0          0       1154   stm32f10x_it.o
       932         36          0         20          0       8836   stm32f10x_rcc.o
      3610         88          0          0          0      22792   stm32f10x_tim.o
      1032         22          0          0          0       8408   stm32f10x_usart.o
         0          0          0          0          0         32   sys.o
       480         38          0         20          0       1659   system_stm32f10x.o
       304         22          0          4         24       2313   timer.o
      1820        104          0         36          0       3593   ultrasonic.o
       320         16          0          6        200       3094   usart.o

    ----------------------------------------------------------------------
     19562       1108        336        164       2884     353315   Object Totals
         0          0         32          0          0          0   (incl. Generated)
         2          0          0          3          1          0   (incl. Padding)

    ----------------------------------------------------------------------

      Code (inc. data)   RO Data    RW Data    ZI Data      Debug   Library Member Name

         8          0          0          0          0         68   __main.o
       284          0          0          0          0        156   __printf_wp.o
         0          0          0          0          0          0   __rtentry.o
        12          0          0          0          0          0   __rtentry2.o
         6          0          0          0          0          0   __rtentry4.o
        52          8          0          0          0          0   __scatter.o
        26          0          0          0          0          0   __scatter_copy.o
        28          0          0          0          0          0   __scatter_zi.o
        28          0          0          0          0         68   _chval.o
        48          6          0          0          0         96   _printf_char_common.o
        36          4          0          0          0         80   _printf_char_file.o
         6          0          0          0          0          0   _printf_d.o
       120         16          0          0          0         92   _printf_dec.o
         6          0          0          0          0          0   _printf_f.o
      1050          0          0          0          0        216   _printf_fp_dec.o
       128         16          0          0          0         84   _printf_fp_infnan.o
       178          0          0          0          0         88   _printf_intcommon.o
         0          0          0          0          0          0   _printf_percent.o
         4          0          0          0          0          0   _printf_percent_end.o
       158          0          0          0          0         92   _strtoul.o
       220          4        148          0          0         96   bigflt0.o
      1910        128          0          0          0        672   btod.o
        18          0          0          0          0         80   exit.o
         8          0          0          0          0         68   ferror.o
         6          0          0          0          0        152   heapauxi.o
        44         10        272          0          0         76   lc_ctype_c.o
        44         10         28          0          0         76   lc_numeric_c.o
         2          0          0          0          0          0   libinit.o
        30          0          0          0          0          0   libinit2.o
         2          0          0          0          0          0   libshutdown.o
         2          0          0          0          0          0   libshutdown2.o
         8          4          0          0         96         68   libspace.o
       138          0          0          0          0         80   lludiv10.o
        24          4          0          0          0         84   noretval__2printf.o
        16          4          0          0          0         76   rt_ctype_table.o
         8          4          0          0          0         68   rt_errno_addr_intlibspace.o
         8          4          0          0          0         68   rt_locale_intlibspace.o
         2          0          0          0          0          0   rtexit.o
        10          0          0          0          0          0   rtexit2.o
       128          0          0          0          0         68   strcmpv7m.o
       112          0          0          0          0         88   strtol.o
        74          0          0          0          0         80   sys_stackheap_outer.o
         2          0          0          0          0         68   use_no_semi.o
         2          0          0          0          0         68   use_no_semi_2.o
        98          4          0          0          0         92   d2f.o
       804         16          0          0          0        272   daddsub_clz.o
        24          0          0          0          0         68   dcmpi.o
       688        140          0          0          0        208   ddiv.o
        84          0          0          0          0        136   dflt_clz.o
       120          4          0          0          0         92   dleqf.o
       156          4          0          0          0         92   dnaninf.o
        12          0          0          0          0         68   dretinf.o
       108          0          0          0          0         80   drleqf.o
        86          4          0          0          0         84   f2d.o
       450          8          0          0          0        236   faddsub_clz.o
        24          0          0          0          0         68   fcmpi.o
       388         76          0          0          0         96   fdiv.o
       104          4          0          0          0         84   feqf.o
        54          4          0          0          0         84   ffix.o
        48          0          0          0          0         68   fflt_clz.o
       104          4          0          0          0         84   fleqf.o
       258          4          0          0          0         84   fmul.o
       140          4          0          0          0         84   fnaninf.o
        10          0          0          0          0         68   fretinf.o
        98          0          0          0          0         68   frleqf.o
         4          0          0          0          0         68   printf1.o
         0          0          0          0          0          0   usenofp.o
        40          0          0          0          0         68   fpclassify.o

    ----------------------------------------------------------------------
      8918        498        448          0         96       5428   Library Totals
        20          0          0          0          0          0   (incl. Padding)

    ----------------------------------------------------------------------

      Code (inc. data)   RO Data    RW Data    ZI Data      Debug   Library Name

      4996        222        448          0         96       3076   c_w.l
      3862        276          0          0          0       2284   fz_ws.l
        40          0          0          0          0         68   m_ws.l

    ----------------------------------------------------------------------
      8918        498        448          0         96       5428   Library Totals

    ----------------------------------------------------------------------

==============================================================================


      Code (inc. data)   RO Data    RW Data    ZI Data      Debug   

     28480       1606        784        164       2980     354163   Grand Totals
     28480       1606        784        164       2980     354163   ELF Image Totals
     28480       1606        784        164          0          0   ROM Totals

==============================================================================

    Total RO  Size (Code + RO Data)                29264 (  28.58kB)
    Total RW  Size (RW Data + ZI Data)              3144 (   3.07kB)
    Total ROM Size (Code + RO Data + RW Data)      29428 (  28.74kB)

==============================================================================

